
> nunjucks@3.2.4 test
> bun test src/

bun test v1.3.14 (0d9b296a)
node.exe : 
At line:1 char:1
+ & "C:\nvm4w\nodejs/node.exe" "C:\nvm4w\nodejs/node_modules/npm/bin/np ...
+ ~~~~~~~~~~~~~~~~~~~~~~~~~~~~~~~~~~~~~~~~~~~~~~~~~~~~~~~~~~~~~~~~~~~~~
    + CategoryInfo          : NotSpecified: (:String) [], RemoteException
    + FullyQualifiedErrorId : NativeCommandError
 
src\compiler\emitters.test.js:
(pass) templateNameStr > stringifies template name [0.10ms]
(pass) templateNameStr > returns undefined for null name [0.03ms]

src\compiler\index.test.js:
(pass) Compiler > fail throws TemplateError [1.23ms]
(pass) Compiler > _templateName returns JSON string [0.72ms]
(pass) Compiler > _templateName returns undefined for null name [0.26ms]
(pass) Compiler > _compileExpression throws for invalid type [1.07ms]
(pass) Compiler > assertType throws for non-matching type [0.18ms]
(pass) Compiler > getCode returns compiled code [0.07ms]
(pass) getSourceMapFromCompile > compiles and returns source map [2.91ms]

src\core\render.test.js:
[Nunjucks] WARNING: Rendering template without sandbox enabled. For user-provided templates, enable sandbox: { 
sandbox: true } to prevent security issues.
(pass) inline template error locations > scrubs dangerous global references from context in dev mode and emits a 
warning [10.09ms]
(pass) inline template error locations > throws DANGEROUS_CONTEXT_VALUES when contextStrict is error [5.47ms]
[Nunjucks] WARNING: Rendering template without sandbox enabled. For user-provided templates, enable sandbox: { 
sandbox: true } to prevent security issues.
(pass) inline template error locations > does not scrub when contextStrict is false and dev is false [0.79ms]
(pass) inline template error locations > applies sandboxEnvironment to render context access [4.99ms]
(pass) inline template error locations > allows nested context fields named like globals in sandbox mode [1.95ms]
(pass) inline template error locations > blocks constructor-chain escapes in sandbox mode [5.02ms]
(pass) inline template error locations > does not expose inherited context properties in sandbox mode [1.44ms]
(pass) inline template error locations > blocks nested prototype mutation from templates in sandbox mode [2.62ms]
(pass) inline template error locations > does not invoke blocked-key getters in sandbox mode [2.67ms]
[Nunjucks] WARNING: Rendering template without sandbox enabled. For user-provided templates, enable sandbox: { 
sandbox: true } to prevent security issues.
(pass) inline template error locations > points at the failing template token inside the caller source line [2.14ms]
[Nunjucks] WARNING: Rendering template without sandbox enabled. For user-provided templates, enable sandbox: { 
sandbox: true } to prevent security issues.
(pass) inline template error locations > points at the failing template token inside a multiline caller template 
literal [3.63ms]
(pass) inline template error locations > points reserved filter errors at the filter key in caller config [1.86ms]
(pass) inline template error locations > does not remap blocked context key caller locations as template offsets 
[1.89ms]
(pass) inline template error locations > points non-string template errors at the invalid template argument [3.55ms]
(pass) inline template error locations > points invalid config errors at the failing config key [2.18ms]
[Nunjucks] WARNING: Rendering template without sandbox enabled. For user-provided templates, enable sandbox: { 
sandbox: true } to prevent security issues.
(pass) inline template error locations > points undefined member lookups at the missing property [5.17ms]
[Nunjucks] WARNING: Rendering template without sandbox enabled. For user-provided templates, enable sandbox: { 
sandbox: true } to prevent security issues.
(pass) inline template error locations > points slice errors inside statements at the slice step [5.25ms]
[Nunjucks] WARNING: Rendering template without sandbox enabled. For user-provided templates, enable sandbox: { 
sandbox: true } to prevent security issues.
(pass) inline template error locations > points native arithmetic errors inside statements at the operator [4.05ms]
[Nunjucks] WARNING: Rendering template without sandbox enabled. For user-provided templates, enable sandbox: { 
sandbox: true } to prevent security issues.
(pass) inline template error locations > points native comparison errors inside statements at the operator [5.26ms]
[Nunjucks] WARNING: Rendering template without sandbox enabled. For user-provided templates, enable sandbox: { 
sandbox: true } to prevent security issues.
(pass) inline template error locations > points native unary errors inside statements at the operator [3.90ms]
[Nunjucks] WARNING: Rendering template without sandbox enabled. For user-provided templates, enable sandbox: { 
sandbox: true } to prevent security issues.
[Nunjucks] WARNING: Rendering template without sandbox enabled. For user-provided templates, enable sandbox: { 
sandbox: true } to prevent security issues.
[Nunjucks] WARNING: Rendering template without sandbox enabled. For user-provided templates, enable sandbox: { 
sandbox: true } to prevent security issues.
[Nunjucks] WARNING: Rendering template without sandbox enabled. For user-provided templates, enable sandbox: { 
sandbox: true } to prevent security issues.
[Nunjucks] WARNING: Rendering template without sandbox enabled. For user-provided templates, enable sandbox: { 
sandbox: true } to prevent security issues.
(pass) inline template error locations > preserves short-circuit semantics for logical and nullish operators [4.77ms]
[Nunjucks] WARNING: Rendering template without sandbox enabled. For user-provided templates, enable sandbox: { 
sandbox: true } to prevent security issues.
[Nunjucks] WARNING: Rendering template without sandbox enabled. For user-provided templates, enable sandbox: { 
sandbox: true } to prevent security issues.
[Nunjucks] WARNING: Rendering template without sandbox enabled. For user-provided templates, enable sandbox: { 
sandbox: true } to prevent security issues.
[Nunjucks] WARNING: Rendering template without sandbox enabled. For user-provided templates, enable sandbox: { 
sandbox: true } to prevent security issues.
[Nunjucks] WARNING: Rendering template without sandbox enabled. For user-provided templates, enable sandbox: { 
sandbox: true } to prevent security issues.
(pass) inline template error locations > supports concat and is tests with custom tests [15.90ms]
[Nunjucks] WARNING: Rendering template without sandbox enabled. For user-provided templates, enable sandbox: { 
sandbox: true } to prevent security issues.
(pass) inline template error locations > reports unknown tests at the is operator [2.89ms]
[Nunjucks] WARNING: Rendering template without sandbox enabled. For user-provided templates, enable sandbox: { 
sandbox: true } to prevent security issues.
[Nunjucks] WARNING: Rendering template without sandbox enabled. For user-provided templates, enable sandbox: { 
sandbox: true } to prevent security issues.
(pass) inline template error locations > tracks nested, multiline, and column-zero operator locations [2.37ms]
[Nunjucks] WARNING: Rendering template without sandbox enabled. For user-provided templates, enable sandbox: { 
sandbox: true } to prevent security issues.
[Nunjucks] WARNING: Rendering template without sandbox enabled. For user-provided templates, enable sandbox: { 
sandbox: true } to prevent security issues.
[Nunjucks] WARNING: Rendering template without sandbox enabled. For user-provided templates, enable sandbox: { 
sandbox: true } to prevent security issues.
[Nunjucks] WARNING: Rendering template without sandbox enabled. For user-provided templates, enable sandbox: { 
sandbox: true } to prevent security issues.
[Nunjucks] WARNING: Rendering template without sandbox enabled. For user-provided templates, enable sandbox: { 
sandbox: true } to prevent security issues.
[Nunjucks] WARNING: Rendering template without sandbox enabled. For user-provided templates, enable sandbox: { 
sandbox: true } to prevent security issues.
[Nunjucks] WARNING: Rendering template without sandbox enabled. For user-provided templates, enable sandbox: { 
sandbox: true } to prevent security issues.
[Nunjucks] WARNING: Rendering template without sandbox enabled. For user-provided templates, enable sandbox: { 
sandbox: true } to prevent security issues.
[Nunjucks] WARNING: Rendering template without sandbox enabled. For user-provided templates, enable sandbox: { 
sandbox: true } to prevent security issues.
[Nunjucks] WARNING: Rendering template without sandbox enabled. For user-provided templates, enable sandbox: { 
sandbox: true } to prevent security issues.
[Nunjucks] WARNING: Rendering template without sandbox enabled. For user-provided templates, enable sandbox: { 
sandbox: true } to prevent security issues.
[Nunjucks] WARNING: Rendering template without sandbox enabled. For user-provided templates, enable sandbox: { 
sandbox: true } to prevent security issues.
[Nunjucks] WARNING: Rendering template without sandbox enabled. For user-provided templates, enable sandbox: { 
sandbox: true } to prevent security issues.
[Nunjucks] WARNING: Rendering template without sandbox enabled. For user-provided templates, enable sandbox: { 
sandbox: true } to prevent security issues.
[Nunjucks] WARNING: Rendering template without sandbox enabled. For user-provided templates, enable sandbox: { 
sandbox: true } to prevent security issues.
[Nunjucks] WARNING: Rendering template without sandbox enabled. For user-provided templates, enable sandbox: { 
sandbox: true } to prevent security issues.
(pass) inline template error locations > points native throws at every coercing operator variant [18.59ms]
[Nunjucks] WARNING: Rendering template without sandbox enabled. For user-provided templates, enable sandbox: { 
sandbox: true } to prevent security issues.
[Nunjucks] WARNING: Rendering template without sandbox enabled. For user-provided templates, enable sandbox: { 
sandbox: true } to prevent security issues.
(pass) inline template error locations > uses each operator location in chained comparisons [1.43ms]
[Nunjucks] WARNING: Rendering template without sandbox enabled. For user-provided templates, enable sandbox: { 
sandbox: true } to prevent security issues.
(pass) inline template error locations > preserves zero coordinates in compiler fallbacks [0.72ms]
[Nunjucks] WARNING: Rendering template without sandbox enabled. For user-provided templates, enable sandbox: { 
sandbox: true } to prevent security issues.
(pass) inline template error locations > points in-operator errors inside statements at the operator [2.95ms]
[Nunjucks] WARNING: Rendering template without sandbox enabled. For user-provided templates, enable sandbox: { 
sandbox: true } to prevent security issues.
(pass) inline template error locations > points bracket-string call errors at the property name [1.24ms]
[Nunjucks] WARNING: Rendering template without sandbox enabled. For user-provided templates, enable sandbox: { 
sandbox: true } to prevent security issues.
(pass) keyword arguments rendering > global functions with kwargs > global function with kwargs [1.00ms]
[Nunjucks] WARNING: Rendering template without sandbox enabled. For user-provided templates, enable sandbox: { 
sandbox: true } to prevent security issues.
(pass) keyword arguments rendering > global functions with kwargs > global function with partial kwargs using defaults 
[0.68ms]
[Nunjucks] WARNING: Rendering template without sandbox enabled. For user-provided templates, enable sandbox: { 
sandbox: true } to prevent security issues.
(pass) keyword arguments rendering > global functions with kwargs > global function with nested destructuring [0.81ms]
[Nunjucks] WARNING: Rendering template without sandbox enabled. For user-provided templates, enable sandbox: { 
sandbox: true } to prevent security issues.
(pass) keyword arguments rendering > global functions with kwargs > global function with number kwargs [1.02ms]
[Nunjucks] WARNING: Rendering template without sandbox enabled. For user-provided templates, enable sandbox: { 
sandbox: true } to prevent security issues.
(pass) keyword arguments rendering > method calls with kwargs > method call with kwargs [1.40ms]
[Nunjucks] WARNING: Rendering template without sandbox enabled. For user-provided templates, enable sandbox: { 
sandbox: true } to prevent security issues.
(pass) keyword arguments rendering > method calls with kwargs > method call without kwargs uses default [0.99ms]
[Nunjucks] WARNING: Rendering template without sandbox enabled. For user-provided templates, enable sandbox: { 
sandbox: true } to prevent security issues.
(pass) keyword arguments rendering > method calls with kwargs > method chain with kwargs [33.36ms]
[Nunjucks] WARNING: Rendering template without sandbox enabled. For user-provided templates, enable sandbox: { 
sandbox: true } to prevent security issues.
(pass) keyword arguments rendering > filters with kwargs > filter with kwargs [1.74ms]
[Nunjucks] WARNING: Rendering template without sandbox enabled. For user-provided templates, enable sandbox: { 
sandbox: true } to prevent security issues.
(pass) keyword arguments rendering > filters with kwargs > filter with partial kwargs [0.90ms]
[Nunjucks] WARNING: Rendering template without sandbox enabled. For user-provided templates, enable sandbox: { 
sandbox: true } to prevent security issues.
(pass) keyword arguments rendering > filters with kwargs > filter without kwargs uses defaults [0.61ms]
[Nunjucks] WARNING: Rendering template without sandbox enabled. For user-provided templates, enable sandbox: { 
sandbox: true } to prevent security issues.
(pass) keyword arguments rendering > filters with kwargs > chained filters with kwargs [0.83ms]
[Nunjucks] WARNING: Rendering template without sandbox enabled. For user-provided templates, enable sandbox: { 
sandbox: true } to prevent security issues.
(pass) keyword arguments rendering > macros with kwargs > macro with kwargs [3.25ms]
[Nunjucks] WARNING: Rendering template without sandbox enabled. For user-provided templates, enable sandbox: { 
sandbox: true } to prevent security issues.
(pass) keyword arguments rendering > macros with kwargs > macro with partial kwargs [1.63ms]
[Nunjucks] WARNING: Rendering template without sandbox enabled. For user-provided templates, enable sandbox: { 
sandbox: true } to prevent security issues.
(pass) keyword arguments rendering > nested calls with kwargs > nested calls - outer(inner(kwargs)) [1.02ms]
[Nunjucks] WARNING: Rendering template without sandbox enabled. For user-provided templates, enable sandbox: { 
sandbox: true } to prevent security issues.
(pass) keyword arguments rendering > nested calls with kwargs > nested calls - both with kwargs [1.07ms]
[Nunjucks] WARNING: Rendering template without sandbox enabled. For user-provided templates, enable sandbox: { 
sandbox: true } to prevent security issues.
(pass) keyword arguments rendering > mixed positional and keyword args > mixed positional and keyword args [1.27ms]

src\core\validator.reserved.test.js:
(pass) validateConfig - reserved keyword validation > filters > rejects nunjucks template keyword as filter name 
[6.97ms]
(pass) validateConfig - reserved keyword validation > filters > rejects JavaScript built-in as filter name [0.34ms]
(pass) validateConfig - reserved keyword validation > filters > rejects nunjucks runtime global as filter name [0.09ms]
(pass) validateConfig - reserved keyword validation > filters > rejects existing filter name as filter name [0.03ms]
(pass) validateConfig - reserved keyword validation > filters > accepts non-reserved filter names [0.05ms]
(pass) validateConfig - reserved keyword validation > filters > rejects multiple reserved filter names in one config 
[0.04ms]
(pass) validateConfig - reserved keyword validation > globals > rejects nunjucks template keyword as global name 
[0.07ms]
(pass) validateConfig - reserved keyword validation > globals > rejects JavaScript built-in as global name [0.04ms]
(pass) validateConfig - reserved keyword validation > globals > rejects nunjucks runtime global as global name [0.02ms]
(pass) validateConfig - reserved keyword validation > globals > accepts non-reserved global names [0.02ms]
(pass) validateConfig - reserved keyword validation > globals > rejects multiple reserved global names in one config 
[0.02ms]
(pass) validateConfig - reserved keyword validation > mixed filters and globals > rejects reserved keywords in both 
filters and globals [0.04ms]
(pass) validateConfig - reserved keyword validation > mixed filters and globals > accepts valid filters and globals 
together [0.03ms]
(pass) validateConfig - reserved keyword validation > error codes > returns RESERVED_KEYWORD error code for filters 
[0.03ms]
(pass) validateConfig - reserved keyword validation > error codes > returns RESERVED_KEYWORD error code for globals 
[0.03ms]
(pass) RESERVED_KEYWORDS > includes nunjucks template keywords [0.04ms]
(pass) RESERVED_KEYWORDS > includes JavaScript built-ins [0.02ms]
(pass) RESERVED_KEYWORDS > includes nunjucks runtime globals [0.01ms]
(pass) RESERVED_KEYWORDS > getReservedKeywords returns array [0.06ms]

src\core\validator.test.js:
(pass) findContextDangerousValues > flags process inside nested values [0.36ms]
(pass) findContextDangerousValues > flags globalThis at any depth [0.46ms]
(pass) findContextDangerousValues > returns empty when no dangerous references [0.27ms]
(pass) findContextDangerousValues > flags Buffer instances [0.53ms]
(pass) validateRenderContext strict mode > throws DANGEROUS_CONTEXT_VALUES when contextStrict is error and process is 
nested [0.13ms]
(pass) validateRenderContext strict mode > passes silently when contextStrict is false and dev is false [0.09ms]

src\helpers\attributes.test.js:
(pass) _prepareAttributeParts > returns empty array for falsy input [0.21ms]
(pass) _prepareAttributeParts > splits dot-separated string [3.62ms]
(pass) _prepareAttributeParts > returns single-element array for string without dots [0.22ms]
(pass) _prepareAttributeParts > wraps non-string value in array [0.05ms]
(pass) getAttrGetter > gets simple key from object [0.24ms]
(pass) getAttrGetter > gets nested key from object [0.07ms]
(pass) getAttrGetter > returns undefined for missing key [0.05ms]
(pass) getAttrGetter > returns undefined for missing nested key [0.03ms]
(pass) getAttrGetter > works with string key [0.05ms]
(pass) getAttrGetter > falsy numeric key returns item itself (attr is falsy, parts empty) [0.03ms]
(pass) getAttrGetter > uses hasOwnProperty check [0.03ms]

src\helpers\environment-check.test.js:
(pass) isDevelopment > returns true when NODE_ENV is not set [0.44ms]
(pass) isDevelopment > returns false when NODE_ENV is production [0.10ms]
(pass) isDevelopment > returns false when NODE_ENV is test [0.02ms]
(pass) isDevelopment > returns true when NODE_ENV is development [0.03ms]
(pass) isDevelopment > returns true when NODE_ENV is any other value [0.03ms]

src\helpers\monad.test.js:
(pass) Result > ok creates success result [0.21ms]
(pass) Result > err creates failure result [0.14ms]
(pass) Result > isOk/isErr checks [0.09ms]
(pass) Result > map transforms ok value [0.10ms]
(pass) Result > map skips err value [0.03ms]
(pass) Result > mapErr transforms error [0.06ms]
(pass) Result > mapErr skips ok value [0.05ms]
(pass) Result > flatMap chains ok results [0.05ms]
(pass) Result > flatMap short-circuits on err [0.04ms]
(pass) Result > getOrElse returns value on ok [0.03ms]
(pass) Result > getOrElse returns default on err [0.02ms]
(pass) Result > getOrThrow returns value on ok [0.03ms]
(pass) Result > getOrThrow throws on err [0.08ms]
(pass) Result > fromNullable creates ok for non-null [0.05ms]
(pass) Result > fromNullable creates err for null [0.02ms]
(pass) Result > fromNullable creates err for undefined [0.08ms]
(pass) Result > fromNullable uses custom error message [0.04ms]
(pass) Result > fromThrowable catches sync function result [0.13ms]
(pass) Result > fromThrowable catches thrown error [0.12ms]
(pass) Result > of aliases ok [0.05ms]
(pass) Result > empty creates ok(null) [0.04ms]
(pass) Maybe > just creates some value [0.08ms]
(pass) Maybe > nothing creates absent value [0.05ms]
(pass) Maybe > isJust/isNothing checks [0.08ms]
(pass) Maybe > map transforms just value [0.09ms]
(pass) Maybe > map skips nothing [0.03ms]
(pass) Maybe > flatMap chains just [0.11ms]
(pass) Maybe > flatMap short-circuits on nothing [0.03ms]
(pass) Maybe > getOrElse returns value on just [0.04ms]
(pass) Maybe > getOrElse returns default on nothing [0.02ms]
(pass) Maybe > fromNullable creates just for non-null [0.05ms]
(pass) Maybe > fromNullable creates nothing for null [0.02ms]
(pass) Maybe > of aliases just [0.03ms]
(pass) Maybe > empty creates nothing [0.02ms]
(pass) tryCatch > returns ok on success [0.09ms]
(pass) tryCatch > returns err on thrown error [0.08ms]
(pass) attempt > returns ok on success [0.06ms]
(pass) attempt > returns err on thrown error [0.05ms]
(pass) composeAsync > chains async functions successfully [0.37ms]
(pass) composeAsync > short-circuits on error [0.10ms]
(pass) pipeWithResult > chains functions over initial value [0.08ms]
(pass) pipeWithResult > short-circuits on error [0.05ms]

src\helpers\source-map.test.js:
(pass) SourceMap > creates with template name [0.06ms]
(pass) SourceMap > addMapping stores mapping [0.05ms]
(pass) SourceMap > getOriginalPosition returns start for line 0 [0.12ms]
(pass) SourceMap > getOriginalPosition returns line+offset for negative [0.04ms]
(pass) SourceMap > getOriginalPosition maps through stored mappings [0.04ms]
(pass) SourceMap > getOriginalPosition returns compiled line if no mapping covers it [0.02ms]
(pass) SourceMap > getOriginalPosition returns last mapping for lower line [0.03ms]
(pass) SourceMap > fromArray creates SourceMap with pre-filled mappings [0.08ms]
(pass) SourceMap > fromArray handles non-array input [0.03ms]
(pass) applySourceMapToError > returns null for missing source map data [0.12ms]
(pass) applySourceMapToError > returns null for non-array source map data [0.03ms]
(pass) applySourceMapToError > sets lineno and colno on error [0.07ms]
(pass) createMappedError > returns null for missing source map data [0.24ms]
(pass) createMappedError > creates error with mapped location [0.58ms]

src\lexer\delimiters.test.js:
(pass) character constants > WHITESPACE_CHARS includes space, newline, tab, cr, non-breaking space [0.03ms]
(pass) character constants > DELIM_CHARS includes expected characters [0.03ms]
(pass) character constants > INT_CHARS includes all digits
(pass) default delimiters > DEFAULT_BLOCK_START is {%
(pass) default delimiters > DEFAULT_BLOCK_END is %}
(pass) default delimiters > DEFAULT_VARIABLE_START is {{ [0.03ms]
(pass) default delimiters > DEFAULT_VARIABLE_END is }} [0.02ms]
(pass) default delimiters > DEFAULT_COMMENT_START is {# [0.01ms]
(pass) default delimiters > DEFAULT_COMMENT_END is #} [0.01ms]
(pass) COMPLEX_OPERATORS > contains comparison and logical operators [0.04ms]
(pass) REGEX_FLAGS > contains g, i, m, y [0.03ms]
(pass) createDelimiters > returns all defaults when no options given [0.06ms]
(pass) createDelimiters > overrides specific delimiters [0.10ms]
(pass) createDelimiters > overrides all delimiters [0.05ms]
(pass) createDelimiters > returns defaults when called with empty object [0.02ms]

src\lexer\index.test.js:
(pass) lexer/index exports > exports createTokenizer [0.05ms]
(pass) lexer/index exports > exports lex [0.01ms]
(pass) lexer/index exports > exports createToken
(pass) lexer/index exports > exports TOKEN_BLOCK_END [0.01ms]
(pass) lexer/index exports > exports TOKEN_BLOCK_START [0.01ms]
(pass) lexer/index exports > exports TOKEN_SYMBOL
(pass) lexer/index exports > exports TOKEN_DATA
(pass) lexer/index exports > exports TOKEN_STRING
(pass) lexer/index exports > exports TOKEN_INT
(pass) lexer/index exports > exports TOKEN_FLOAT [0.10ms]
(pass) lexer/index exports > exports TOKEN_BOOLEAN [0.04ms]
(pass) lexer/index exports > exports TOKEN_NONE [0.03ms]
(pass) lexer/index exports > exports TOKEN_TYPES [0.03ms]
(pass) lexer/index exports > exports TOKEN_VARIABLE_START [0.03ms]
(pass) lexer/index exports > exports TOKEN_VARIABLE_END [0.02ms]
(pass) lexer/index exports > exports TOKEN_COMMENT [0.02ms]
(pass) lexer/index exports > exports TOKEN_OPERATOR [0.02ms]
(pass) lexer/index exports > exports TOKEN_PIPEFORWARD [0.04ms]
(pass) lexer/index exports > exports TOKEN_LEFT_PAREN [0.03ms]
(pass) lexer/index exports > exports TOKEN_RIGHT_PAREN [0.02ms]
(pass) lexer/index exports > exports TOKEN_LEFT_BRACKET [0.02ms]
(pass) lexer/index exports > exports TOKEN_RIGHT_BRACKET [0.02ms]
(pass) lexer/index exports > exports TOKEN_LEFT_CURLY [0.03ms]
(pass) lexer/index exports > exports TOKEN_RIGHT_CURLY [0.02ms]
(pass) lexer/index exports > exports TOKEN_COMMA [0.02ms]
(pass) lexer/index exports > exports TOKEN_COLON [0.02ms]
(pass) lexer/index exports > exports TOKEN_TILDE [0.02ms]
(pass) lexer/index exports > exports TOKEN_WHITESPACE [0.02ms]
(pass) lexer/index exports > exports TOKEN_SPECIAL [0.02ms]
(pass) lexer/index exports > exports TOKEN_REGEX [0.03ms]
(pass) lexer/index exports > exports COMPLEX_OPERATORS [0.02ms]
(pass) lexer/index exports > exports createDelimiters [0.02ms]
(pass) lexer/index exports > exports DEFAULT_BLOCK_END [0.02ms]
(pass) lexer/index exports > exports DEFAULT_BLOCK_START [0.02ms]
(pass) lexer/index exports > exports DEFAULT_COMMENT_END [0.02ms]
(pass) lexer/index exports > exports DEFAULT_COMMENT_START [0.02ms]
(pass) lexer/index exports > exports DEFAULT_VARIABLE_END [0.02ms]
(pass) lexer/index exports > exports DEFAULT_VARIABLE_START [0.02ms]
(pass) lexer/index exports > exports DELIM_CHARS [0.02ms]
(pass) lexer/index exports > exports INT_CHARS [0.02ms]
(pass) lexer/index exports > exports REGEX_FLAGS [0.02ms]
(pass) lexer/index exports > exports WHITESPACE_CHARS [0.02ms]

src\lexer\token-types.test.js:
(pass) token type constants > TOKEN_STRING has value string [0.11ms]
(pass) token type constants > TOKEN_WHITESPACE has value whitespace
(pass) token type constants > TOKEN_DATA has value data
(pass) token type constants > TOKEN_BLOCK_START has value block-start
(pass) token type constants > TOKEN_BLOCK_END has value block-end
(pass) token type constants > TOKEN_VARIABLE_START has value variable-start
(pass) token type constants > TOKEN_VARIABLE_END has value variable-end
(pass) token type constants > TOKEN_COMMENT has value comment
(pass) token type constants > TOKEN_LEFT_PAREN has value left-paren
(pass) token type constants > TOKEN_RIGHT_PAREN has value right-paren
(pass) token type constants > TOKEN_LEFT_BRACKET has value left-bracket
(pass) token type constants > TOKEN_RIGHT_BRACKET has value right-bracket
(pass) token type constants > TOKEN_LEFT_CURLY has value left-curly
(pass) token type constants > TOKEN_RIGHT_CURLY has value right-curly
(pass) token type constants > TOKEN_OPERATOR has value operator
(pass) token type constants > TOKEN_COMMA has value comma
(pass) token type constants > TOKEN_COLON has value colon
(pass) token type constants > TOKEN_TILDE has value tilde
(pass) token type constants > TOKEN_PIPEFORWARD has value pipe-forward
(pass) token type constants > TOKEN_INT has value int
(pass) token type constants > TOKEN_FLOAT has value float
(pass) token type constants > TOKEN_BOOLEAN has value boolean
(pass) token type constants > TOKEN_NONE has value none
(pass) token type constants > TOKEN_SYMBOL has value symbol
(pass) token type constants > TOKEN_SPECIAL has value special
(pass) token type constants > TOKEN_REGEX has value regex
(pass) TOKEN_TYPES map > contains all token types [0.13ms]
(pass) TOKEN_TYPES map > has exactly 26 entries [0.03ms]

src\lexer\tokenizer.test.js:
(pass) lex - variable expressions > tokenizes simple variable [0.28ms]
(pass) lex - variable expressions > tokenizes variable with property access [0.08ms]
(pass) lex - variable expressions > tokenizes bracket notation [0.11ms]
(pass) lex - variable expressions > tokenizes nested bracket notation [0.22ms]
(pass) lex - variable expressions > tokenizes deep property access [0.15ms]
(pass) lex - block tags > tokenizes if statement [0.10ms]
(pass) lex - block tags > tokenizes for loop [0.10ms]
(pass) lex - block tags > tokenizes set variable [0.10ms]
(pass) lex - block tags > tokenizes set with string [0.07ms]
(pass) lex - block tags > tokenizes macro definition [0.07ms]
(pass) lex - block tags > tokenizes include [0.09ms]
(pass) lex - block tags > tokenizes extends [0.05ms]
(pass) lex - block tags > tokenizes block [0.04ms]
(pass) lex - arithmetic operators > tokenizes addition [0.04ms]
(pass) lex - arithmetic operators > tokenizes subtraction [0.04ms]
(pass) lex - arithmetic operators > tokenizes multiplication [0.03ms]
(pass) lex - arithmetic operators > tokenizes division [0.03ms]
(pass) lex - arithmetic operators > tokenizes floor division [0.13ms]
(pass) lex - arithmetic operators > tokenizes modulo [0.03ms]
(pass) lex - arithmetic operators > tokenizes power [0.03ms]
(pass) lex - comparison operators > tokenizes == [0.03ms]
(pass) lex - comparison operators > tokenizes != [0.05ms]
(pass) lex - comparison operators > tokenizes === [0.06ms]
(pass) lex - comparison operators > tokenizes !== [0.03ms]
(pass) lex - comparison operators > tokenizes < [0.04ms]
(pass) lex - comparison operators > tokenizes > [0.03ms]
(pass) lex - comparison operators > tokenizes <= [0.02ms]
(pass) lex - comparison operators > tokenizes >= [0.03ms]
(pass) lex - logical operators > tokenizes && operator [0.03ms]
(pass) lex - logical operators > tokenizes || operator [0.03ms]
(pass) lex - logical operators > tokenizes ! operator [0.03ms]
(pass) lex - logical operators > tokenizes and keyword [0.03ms]
(pass) lex - logical operators > tokenizes or keyword [0.03ms]
(pass) lex - logical operators > tokenizes not keyword [0.04ms]
(pass) lex - logical operators > tokenizes complex logical expression with operators [0.05ms]
(pass) lex - logical operators > tokenizes complex logical expression with keywords [0.03ms]
(pass) lex - other operators > tokenizes ternary operator [0.04ms]
(pass) lex - other operators > tokenizes nullish coalescing [0.03ms]
(pass) lex - other operators > tokenizes pipe forward [0.03ms]
(pass) lex - other operators > tokenizes tilde for concat [0.06ms]
(pass) lex - other operators > tokenizes dot operator [0.03ms]
(pass) lex - other operators > tokenizes optional chaining [0.05ms]
(pass) lex - strings > tokenizes double quoted string [0.02ms]
(pass) lex - strings > tokenizes single quoted string [0.02ms]
(pass) lex - strings > tokenizes string with escape [0.19ms]
(pass) lex - strings > tokenizes escaped quote in string [0.07ms]
(pass) lex - strings > tokenizes empty string double quotes [0.03ms]
(pass) lex - strings > tokenizes empty string single quotes [0.02ms]
(pass) lex - strings > handles escaped backslash [0.03ms]
(pass) lex - numbers > tokenizes integer [0.02ms]
(pass) lex - numbers > tokenizes float [0.03ms]
(pass) lex - numbers > tokenizes negative integer [0.03ms]
(pass) lex - numbers > tokenizes negative float [0.04ms]
(pass) lex - numbers > tokenizes zero [0.02ms]
(pass) lex - numbers > tokenizes large number [0.02ms]
(pass) lex - booleans and null > tokenizes true [0.03ms]
(pass) lex - booleans and null > tokenizes false [0.03ms]
(pass) lex - booleans and null > tokenizes none [0.02ms]
(pass) lex - booleans and null > tokenizes null [0.02ms]
(pass) lex - comments > tokenizes single line comment [0.07ms]
(pass) lex - comments > tokenizes comment with multiple words [0.04ms]
(pass) lex - comments > tokenizes comment without spaces [0.02ms]
(pass) lex - comments > template text before and after comment [0.05ms]
(pass) lex - whitespace handling > tokenizes with no spaces [0.03ms]
(pass) lex - whitespace handling > tokenizes with extra spaces [0.04ms]
(pass) lex - whitespace handling > tokenizes block with no spaces [0.04ms]
(pass) lex - mixed access patterns > tokenizes items[0].name [0.04ms]
(pass) lex - mixed access patterns > tokenizes function call [0.05ms]
(pass) lex - mixed access patterns > tokenizes nested function call [0.04ms]
(pass) lex - complex expressions > tokenizes operator precedence with && and || [0.08ms]
(pass) lex - complex expressions > tokenizes comparison chain [0.06ms]
(pass) lex - complex expressions > tokenizes unary not with comparison [0.03ms]
(pass) lex - complex expressions > tokenizes negation with ! [0.03ms]
(pass) lex - complex expressions > tokenizes ternary with expressions [0.07ms]
(pass) lex - regex > tokenizes simple regex [0.21ms]
(pass) lex - regex > tokenizes regex with flags [0.05ms]
(pass) lex - regex > tokenizes empty regex [0.04ms]
(pass) lex - plain text > tokenizes plain text as DATA [0.05ms]
(pass) lex - plain text > tokenizes text before and after variable [0.04ms]
(pass) lex - plain text > tokenizes text before and after block [0.07ms]
(pass) lex - line and column tracking > tracks colno correctly [0.02ms]
(pass) lex - line and column tracking > handles multiline template [0.04ms]
(pass) lex - line and column tracking > preserves newlines in data tokens [0.04ms]

src\loaders\base.test.js:
(pass) createLoader > isRelative returns true for ./ paths [0.50ms]
(pass) createLoader > isRelative returns true for ../ paths [0.06ms]
(pass) createLoader > isRelative returns false for absolute paths [0.06ms]
(pass) createLoader > isRelative returns false for plain names [0.12ms]
(pass) createLoader > resolve uses dirname of from [0.27ms]
(pass) createLoader > resolve handles relative child paths [0.07ms]

src\loaders\file-system.test.js:
(pass) FileSystemLoader > creates loader with symbol marker [4.91ms]
(pass) FileSystemLoader > constructor normalizes search paths [9.11ms]
(pass) FileSystemLoader > constructor defaults searchPaths to ["."] [3.91ms]
(pass) FileSystemLoader > constructor sets noCache from opts [5.47ms]
(pass) FileSystemLoader > constructor sets watch from opts [5.21ms]
(pass) FileSystemLoader > getSource returns source for existing file [5.99ms]
(pass) FileSystemLoader > getSource returns null for missing file [30.74ms]
(pass) FileSystemLoader > getSource finds file in subdirectory [22.08ms]
(pass) FileSystemLoader > getSource emits load event [7.80ms]
(pass) FileSystemLoader > watches file when watchEnabled is true [8.36ms]
(pass) FileSystemLoader > unwatchFile removes watcher [4.45ms]
(pass) FileSystemLoader > unwatchAll removes all watchers [5.29ms]
(pass) FileSystemLoader > multiple search paths [8.11ms]

src\loaders\index.test.js:
(pass) loaders/index exports > exports createFileSystemLoader [0.03ms]
(pass) loaders/index exports > exports createNodeResolveLoader [0.02ms]
(pass) loaders/index exports > exports createLoader [0.01ms]

src\loaders\node-resolve.test.js:
(pass) NodeResolveLoader > extends Loader [0.13ms]
(pass) NodeResolveLoader > constructor sets options [0.05ms]
(pass) NodeResolveLoader > constructor defaults [0.02ms]
(pass) NodeResolveLoader > getSource returns null for relative paths (./) [0.21ms]
(pass) NodeResolveLoader > getSource returns null for relative paths (../) [0.07ms]
(pass) NodeResolveLoader > getSource returns null for Windows absolute paths [0.11ms]
(pass) NodeResolveLoader > getSource resolves real module names [1.79ms]
(pass) NodeResolveLoader > getSource returns null for unknown module [1.90ms]
(pass) NodeResolveLoader > getSource emits load event for resolved module [0.71ms]
(pass) NodeResolveLoader > getSource sets pathsToNames mapping [0.41ms]
(pass) NodeResolveLoader > getSource with noCache set [0.54ms]

src\nodes\index.test.js:
(pass) Node > init stores lineno and colno via Value [0.12ms]
(pass) Node > typename from node type [0.11ms]
(pass) Node > getNodeFields returns field names [0.07ms]
(pass) Value > has value field [0.05ms]
(pass) Value > typename is value [0.03ms]
(pass) NodeList > init stores children [0.07ms]
(pass) NodeList > init defaults children to empty array [0.04ms]
(pass) NodeList > addChild appends to children [0.08ms]
(pass) NodeList > typename is nodeList [0.03ms]
(pass) Root > has typename root [0.03ms]
(pass) Literal > stores various literal values [0.09ms]
(pass) Symbol > stores symbol name [0.04ms]
(pass) Group > has type group [0.03ms]
(pass) Array > has type array [0.07ms]
(pass) Pair > stores key and value [0.05ms]
(pass) Dict > has type dict [0.06ms]
(pass) LookupVal > stores target and val [0.07ms]
(pass) OptionalChain > stores target and val [0.19ms]
(pass) Slice > stores start, stop, step [0.06ms]
(pass) If > stores cond, body, else_ [0.06ms]
(pass) InlineIf > stores cond, body, else_ [0.11ms]
(pass) For > stores arr, name, body, else_ [0.09ms]
(pass) Macro / Caller > Macro stores name, args, body [0.03ms]
(pass) Macro / Caller > Caller has typename caller [0.07ms]
(pass) Import > stores template, target, withContext [0.06ms]
(pass) FromImport > stores template, names, withContext [0.06ms]
(pass) FromImport > defaults names to empty NodeList [0.03ms]
(pass) FunCall / Pipe > FunCall stores name and args [0.03ms]
(pass) FunCall / Pipe > Pipe has typename pipe [0.03ms]
(pass) Block > stores name and body [0.08ms]
(pass) Super > stores blockName and symbol [0.04ms]
(pass) Extends > stores template [0.05ms]
(pass) Include > stores template and ignoreMissing [0.06ms]
(pass) Set > stores targets, value, operator [0.04ms]
(pass) Switch / Case > Switch stores expr, cases, default [0.34ms]
(pass) Switch / Case > Case stores cond and body [0.10ms]
(pass) Output / Capture / TemplateData > Output is NodeList [0.06ms]
(pass) Output / Capture / TemplateData > Capture stores body [0.13ms]
(pass) Output / Capture / TemplateData > TemplateData has value [0.07ms]
(pass) UnaryOp / BinOp > Neg stores target [0.08ms]
(pass) UnaryOp / BinOp > add stores left and right [0.09ms]
(pass) Concrete BinOp types > in has correct type [0.19ms]
(pass) Concrete BinOp types > is has correct type [0.08ms]
(pass) Concrete BinOp types > or has correct type [0.06ms]
(pass) Concrete BinOp types > and has correct type [0.05ms]
(pass) Concrete BinOp types > add has correct type [0.05ms]
(pass) Concrete BinOp types > sub has correct type [0.07ms]
(pass) Concrete BinOp types > mul has correct type [0.07ms]
(pass) Concrete BinOp types > div has correct type [0.26ms]
(pass) Concrete BinOp types > floorDiv has correct type [0.08ms]
(pass) Concrete BinOp types > mod has correct type [0.05ms]
(pass) Concrete BinOp types > pow has correct type [0.06ms]
(pass) Concrete BinOp types > nullishCoalesce has correct type [0.11ms]
(pass) Concrete BinOp types > concat has correct type [0.04ms]
(pass) Concrete UnaryOp types > Neg has type neg [0.07ms]
(pass) Concrete UnaryOp types > Pos has type pos [0.07ms]
(pass) Comparison nodes > Compare stores expr and ops [0.12ms]
(pass) CallExtension > stores extName, prop, args, contentArgs [0.36ms]
(pass) CallExtension > defaults args to NodeList [0.12ms]
(pass) CallExtension > CallExtensionAsync has typename callExtensionAsync [0.20ms]

src\object\index.test.js:
(pass) createObj > creates object with symbol marker [0.11ms]
(pass) createObj > stores init method for manual invocation [0.15ms]
(pass) createObj > adds methods from props [0.13ms]
(pass) createEmitter > creates emitter with symbol marker [0.20ms]
(pass) createEmitter > is an EventEmitter [0.17ms]
(pass) createEmitter > emits events [0.10ms]
(pass) extendObj > extends existing object with symbol marker [0.29ms]
(pass) extendObj > inherits methods from base [0.16ms]
(pass) extendObj > can override methods [0.09ms]

src\parser\index.test.js:
(pass) parse - variables > parses simple variable [0.31ms]
(pass) parse - expressions > parses arithmetic add [0.10ms]
(pass) parse - expressions > parses arithmetic subtract [0.06ms]
(pass) parse - expressions > parses arithmetic multiply [0.05ms]
(pass) parse - expressions > parses comparison [0.05ms]
(pass) parse - expressions > parses logical and [0.07ms]
(pass) parse - expressions > parses logical or [0.08ms]
(pass) parse - expressions > parses ternary expression [0.08ms]
(pass) parse - expressions > parses nullish coalescing [0.06ms]
(pass) parse - expressions > parses in operator [0.06ms]
(pass) parse - expressions > parses is operator [0.07ms]
(pass) parse - data types > parses string literal [0.06ms]
(pass) parse - data types > parses number literal [0.04ms]
(pass) parse - data types > parses boolean literal [0.04ms]
(pass) parse - data types > parses null literal [0.04ms]
(pass) parse - data types > parses array literal [0.08ms]
(pass) parse - data types > parses object literal [0.08ms]
(pass) parse - statements > parses if statement [0.08ms]
(pass) parse - statements > parses if-else statement [0.07ms]
(pass) parse - statements > parses if-elif-else statement [0.07ms]
(pass) parse - statements > parses for loop [0.41ms]
(pass) parse - statements > parses for-else loop [0.40ms]
(pass) parse - statements > parses macro [0.30ms]
(pass) parse - statements > parses set statement [0.19ms]
(pass) parse - statements > parses block [0.35ms]
(pass) parse - statements > parses extends [0.44ms]
(pass) parse - statements > parses include [0.54ms]
(pass) parse - statements > parses import [0.64ms]
(pass) parse - statements > parses from import [0.36ms]
(pass) parse - statements > parses switch [0.30ms]
(pass) parse - statements > parses with context [0.32ms]
(pass) parse - statements > parses raw [0.44ms]
(pass) parse - member access > parses dot access [0.15ms]
(pass) parse - member access > parses bracket access [0.07ms]
(pass) parse - member access > parses optional chaining [0.27ms]
(pass) parse - member access > parses optional call [0.18ms]
(pass) parse - member access > parses function call [0.11ms]
(pass) parse - errors > throws on unclosed variable [0.27ms]
(pass) parse - errors > throws on unclosed block [0.10ms]
(pass) parse - errors > throws on unclosed string [0.12ms]
(pass) parse - errors > throws on unexpected endif [0.06ms]
(pass) parse - errors > throws on invalid expression [0.08ms]
(pass) parse function > parses plain text [0.06ms]
(pass) parse function > passes extensions to parser [0.06ms]
(pass) parse function > passes opts to lexer [0.08ms]

src\runtime\context.test.js:
(pass) Context > init stores ctx and env [0.25ms]
(pass) Context > init creates empty blocks and exported [0.06ms]
(pass) Context > init registers blocks [0.08ms]
(pass) Context > lookup returns context variable [0.05ms]
(pass) Context > lookup returns global when not in context [0.03ms]
(pass) Context > lookup prefers context variable over global [0.03ms]
(pass) Context > setVariable stores in context [0.03ms]
(pass) Context > getVariables returns ctx [0.07ms]
(pass) Context > addBlock appends to block list [0.05ms]
(pass) Context > addBlock returns this for chaining [0.04ms]
(pass) Context > getBlock returns first block [0.14ms]
(pass) Context > getBlock throws for unknown block [0.17ms]
(pass) Context > getBlock error has code and subject [0.10ms]
(pass) Context > validateBlocks uses centralized block location metadata [0.17ms]
(pass) Context > getSuper throws when block not found [0.13ms]
(pass) Context > getSuper throws when no next block [0.07ms]
(pass) Context > getSuper errors keep call location [0.09ms]
(pass) Context > getSuper calls next block [0.05ms]
(pass) Context > addExport and getExported [0.08ms]
(pass) Context > getExported returns empty object when no exports [0.03ms]

src\runtime\frame.test.js:
(pass) Frame > constructor initializes empty variables [2.19ms]
(pass) Frame > constructor sets parent and isolateWrites [0.10ms]
(pass) Frame > set stores a value [0.11ms]
(pass) Frame > get returns null for unset variable [0.04ms]
(pass) Frame > set stores nested dotted path [0.18ms]
(pass) Frame > set with resolveUp writes to parent frame [0.16ms]
(pass) Frame > set with resolveUp uses own frame if parent has no match [0.06ms]
(pass) Frame > lookup finds own variables [0.04ms]
(pass) Frame > lookup finds parent variables [0.09ms]
(pass) Frame > lookup prefers own variable over parent [0.04ms]
(pass) Frame > lookup returns undefined for missing [0.02ms]
(pass) Frame > resolve returns frame that owns the variable [0.04ms]
(pass) Frame > resolve returns own frame for own variable [0.04ms]
(pass) Frame > resolve returns undefined for missing variable [0.02ms]
(pass) Frame > resolve with forWrite=true and isolateWrites stops at own frame [0.04ms]
(pass) Frame > resolve with forWrite=false ignores isolateWrites [0.04ms]
(pass) Frame > push creates child frame [0.12ms]
(pass) Frame > push propagates isolateWrites [0.05ms]
(pass) Frame > pop returns parent [0.06ms]
(pass) Frame > pop on root frame returns undefined [0.03ms]
(pass) Frame > topLevel defaults to false [0.03ms]

src\runtime\index.test.js:
(pass) suppressValue > returns empty string for null/undefined [0.04ms]
(pass) suppressValue > returns value as-is when autoescape is false [0.03ms]
(pass) suppressValue > escapes when autoescape is true [0.16ms]
(pass) suppressValue > does not double-escape SafeString [0.05ms]
(pass) suppressValue > resolves promises [0.13ms]
(pass) awaitValue > returns non-promise as-is [0.03ms]
(pass) awaitValue > resolves promise [0.06ms]
(pass) ensureDefined > returns value if defined [0.03ms]
(pass) ensureDefined > throws for null/undefined in strict mode [0.17ms]
(pass) ensureDefined > returns undefined string in chainable mode (default) [0.03ms]
(pass) ensureDefined > returns undefined string in debug mode [0.13ms]
(pass) ensureDefined > collects debug warnings without duplicate console output [0.09ms]
(pass) ensureDefined > prints debug warnings when no collector exists [1.28ms]
(pass) ensureDefined > includes varName in error message (strict mode) [0.09ms]
(pass) ensureDefined > sets code UNDEFINED_VARIABLE with varName in strict mode [0.12ms]
(pass) ensureDefined > sets code UNDEFINED_VALUE without varName in strict mode [0.05ms]
(pass) ensureDefined > error has phase render in strict mode [0.04ms]
[Nunjucks] WARNING: Rendering template without sandbox enabled. For user-provided templates, enable sandbox: { 
sandbox: true } to prevent security issues.
(pass) undefined mode integration > Symbol in debug mode shows warning but returns undefined [11.85ms]
[Nunjucks] WARNING: Rendering template without sandbox enabled. For user-provided templates, enable sandbox: { 
sandbox: true } to prevent security issues.
(pass) undefined mode integration > LookupVal (member access) in debug mode shows warning but returns undefined 
[0.98ms]
[Nunjucks] WARNING: Rendering template without sandbox enabled. For user-provided templates, enable sandbox: { 
sandbox: true } to prevent security issues.
(pass) undefined mode integration > optional chaining in debug mode returns undefined without error [0.86ms]
[Nunjucks] WARNING: Rendering template without sandbox enabled. For user-provided templates, enable sandbox: { 
sandbox: true } to prevent security issues.
(pass) undefined mode integration > optional call with defined function calls function [0.74ms]
[Nunjucks] WARNING: Rendering template without sandbox enabled. For user-provided templates, enable sandbox: { 
sandbox: true } to prevent security issues.
(pass) undefined mode integration > optional call with null returns empty [0.71ms]
[Nunjucks] WARNING: Rendering template without sandbox enabled. For user-provided templates, enable sandbox: { 
sandbox: true } to prevent security issues.
(pass) undefined mode integration > optional call with arguments passes args [1.63ms]
[Nunjucks] WARNING: Rendering template without sandbox enabled. For user-provided templates, enable sandbox: { 
sandbox: true } to prevent security issues.
(pass) undefined mode integration > method optional call with defined method [1.15ms]
[Nunjucks] WARNING: Rendering template without sandbox enabled. For user-provided templates, enable sandbox: { 
sandbox: true } to prevent security issues.
(pass) undefined mode integration > method optional call with undefined method returns empty [1.56ms]
(pass) callWrap > calls function with context and args [0.25ms]
(pass) callWrap > throws NULL_VALUE for null/undefined obj [0.22ms]
(pass) callWrap > throws NOT_A_FUNCTION for non-function [0.11ms]
(pass) contextOrFrameLookup > prefers frame lookup [0.04ms]
(pass) contextOrFrameLookup > falls back to context lookup [0.04ms]
(pass) handleError > throws error unchanged if it has lineno [0.10ms]
(pass) handleError > throws error with lineno/colno [0.15ms]
(pass) handleError > preserves error code and subject [0.10ms]
(pass) handleError > normalizes primitive thrown values [0.18ms]
(pass) handleError > handles frozen errors without mutating them [0.11ms]
(pass) handleError > keeps canonical template location even when sourceMapData is present [0.07ms]
(pass) fromIterator > returns array as-is [0.06ms]
(pass) fromIterator > converts iterable to array [0.40ms]
(pass) fromIterator > returns non-iterable object as-is [0.16ms]
(pass) fromIterator > returns null/undefined as-is [0.05ms]
(pass) inOperator > checks array inclusion [0.05ms]
(pass) inOperator > checks string inclusion [0.17ms]
(pass) inOperator > checks object key [0.09ms]
(pass) inOperator > throws for unexpected types [0.19ms]
(pass) inOperator > preserves provided location on unexpected types [0.19ms]

src\runtime\macro.test.js:
(pass) makeKeywordArgs > adds __keywords flag to object [0.06ms]
(pass) isKeywordArgs > returns true for keyword args object [0.03ms]
(pass) isKeywordArgs > returns false for plain object [0.01ms]
(pass) isKeywordArgs > returns null for null input (short-circuit) [0.02ms]
(pass) numArgs > returns 0 for empty args [0.01ms]
(pass) numArgs > returns count for plain args [0.02ms]
(pass) numArgs > excludes keyword args from count [0.04ms]
(pass) getKeywordArgs > returns empty object for no args [0.02ms]
(pass) getKeywordArgs > returns empty object for plain args [0.02ms]
(pass) getKeywordArgs > extracts keyword args from last position [0.02ms]
(pass) makeMacro > calls func with positional args [0.05ms]
(pass) makeMacro > passes extra args as unnamed kwargs [0.15ms]
(pass) makeMacro > fills missing args from kwargs [0.08ms]
(pass) makeMacro > extra positional args fill kwarg names [0.10ms]
(pass) makeMacro > preserves this context [0.10ms]
(pass) withKwargs > wraps function to handle kwargs correctly [0.41ms]
(pass) withKwargs > handles kwargs in any order [0.08ms]
(pass) withKwargs > passes positional args before kwargs [0.09ms]
(pass) withKwargs > uses defaults when kwargs not provided [0.05ms]
(pass) withKwargs > preserves this context [0.07ms]
(pass) withKwargs > handles only positional args [0.07ms]

src\runtime\member-access.test.js:
(pass) memberLookup > returns null marker for null/undefined object [0.07ms]
(pass) memberLookup > gets property value [0.03ms]
(pass) memberLookup > wraps function in call proxy [0.06ms]
(pass) memberLookup > call proxy preserves this [0.04ms]
(pass) memberLookup > returns callable proxy for missing key that returns undefined when called [0.03ms]
(pass) optionalMemberLookup > returns undefined for null/undefined object [0.02ms]
(pass) optionalMemberLookup > gets property value [0.02ms]
(pass) optionalMemberLookup > wraps function in call proxy [0.06ms]
(pass) slice > defaults start to 0 when step is positive [0.06ms]
(pass) slice > defaults start to end when step is negative [0.03ms]
(pass) slice > defaults stop to length when step is positive [0.02ms]
(pass) slice > defaults stop to -1 when step is negative [0.01ms]
(pass) slice > uses arr.slice for step=1 [0.01ms]
(pass) slice > uses arr.slice for step=null [0.01ms]
(pass) slice > uses arr.slice for step=undefined [0.01ms]
(pass) slice > positive step skips elements [0.01ms]
(pass) slice > negative step reverses [0.01ms]
(pass) slice > handles negative start [0.02ms]
(pass) slice > handles negative stop [0.01ms]
(pass) slice > throws for step=0 [0.10ms]
(pass) slice > works on strings [0.03ms]
(pass) nullishCoalesce > returns left when not null/undefined [0.04ms]
(pass) nullishCoalesce > returns right when left is null [0.01ms]
(pass) nullishCoalesce > returns right when left is undefined [0.01ms]

src\runtime\render-context.test.js:
(pass) createRenderContext > creates context with initial data [0.51ms]
(pass) createRenderContext > get returns undefined for missing key [0.18ms]
(pass) set > sets value in current scope [0.14ms]
(pass) set > overrides value in current scope [0.06ms]
(pass) fork > fork creates child scope [0.44ms]
(pass) fork > child set does not affect parent [0.11ms]
(pass) fork > fork with initial data [0.10ms]
(pass) fork > multiple fork levels [0.13ms]
(pass) merge > merges data to current scope [0.33ms]
(pass) delete > deletes from current scope only [0.31ms]
(pass) toObject > converts to plain object [0.15ms]
(pass) toObject > child data overrides parent [0.14ms]
(pass) has > checks current and parent scopes [0.20ms]
(pass) clone > creates independent copy [0.13ms]
(pass) composables - withDefaults > adds defaults for missing keys [0.39ms]
(pass) composables - withDefaults > does not override existing keys [0.13ms]
(pass) composables - withComputed > adds computed values [0.60ms]
(pass) composables - withValidation > throws on invalid value [0.69ms]
(pass) composables - withValidation > allows valid value [0.26ms]
(pass) toContext > converts plain object to context [0.16ms]
(pass) toContext > returns same context if already context [0.08ms]
(pass) toContext > handles null/undefined [0.13ms]
(pass) createIsolatedContext > creates empty context [0.10ms]
(pass) createForkedContext > forks parent with additional data [0.15ms]
(pass) createForkedContext > does not modify parent [0.12ms]

src\runtime\safe-string.test.js:
(pass) createSafeString > stores string value and length [0.18ms]
(pass) createSafeString > returns value as-is for non-string [0.03ms]
(pass) createSafeString > valueOf returns stored value [0.02ms]
(pass) createSafeString > toString returns stored value [0.02ms]
(pass) createSafeString > instanceof String [0.04ms]
(pass) copySafeness > wraps target in SafeString when dest is SafeString [0.05ms]
(pass) copySafeness > returns target.toString() when dest is not SafeString [0.02ms]
(pass) copySafeness > handles boolean target [0.03ms]
(pass) copySafeness > throws for null target (target.toString fails) [0.07ms]
(pass) markSafe > wraps string in SafeString [0.07ms]
(pass) markSafe > returns non-string, non-function values as-is [0.04ms]
(pass) markSafe > wraps function return values in SafeString [0.10ms]
(pass) markSafe > function wrapper preserves non-string return [0.03ms]

src\runtime\sandbox.test.js:
(pass) createSandboxedObject > returns original object when sandbox disabled [0.07ms]
(pass) createSandboxedObject > blocks access to __proto__ [0.15ms]
(pass) createSandboxedObject > blocks access to constructor [0.05ms]
(pass) createSandboxedObject > allows normal property access [0.03ms]
(pass) createSandboxedObject > blocks setting blocked keys [0.10ms]
(pass) createSandboxedObject > allows setting normal keys [0.05ms]
(pass) createSandboxedObject > handles nested objects [0.06ms]
(pass) createSandboxedObject > allows nested data keys that only look like globals [0.08ms]
(pass) createSandboxedObject > does not expose inherited properties as sandbox data [0.09ms]
(pass) createSandboxedObject > does not treat symbol access as string key escape [0.04ms]
(pass) createSandboxedObject > handles null [0.01ms]
(pass) createSandboxedObject > handles undefined [0.02ms]
(pass) createSandboxedObject > handles primitives [0.03ms]
(pass) createSandboxedObject > wraps functions [0.05ms]
(pass) createSandboxedObject > blocks string code execution in sandboxed functions [0.08ms]
(pass) createSandboxedContext > returns original context when sandbox disabled [0.02ms]
(pass) createSandboxedContext > sandbox all top-level properties [0.09ms]
(pass) createSandboxedContext > blocks global-like names only at the top-level context boundary [0.11ms]
(pass) createSandboxedContext > blocks direct context mutation in sandbox mode [0.07ms]
(pass) createSandboxedContext > allows internal runtime metadata on sandboxed context [0.03ms]
(pass) createSandboxedContext > handles empty context [0.03ms]
(pass) wrapMemberAccess > returns value when sandbox disabled [0.02ms]
(pass) wrapMemberAccess > blocks access to blocked keys [0.05ms]
(pass) wrapMemberAccess > allows member access for nested global-like data keys [0.03ms]
(pass) wrapMemberAccess > allows access to normal keys [0.02ms]
(pass) wrapMemberAccess > handles null/undefined target [0.02ms]
(pass) wrapMemberAccess > wraps functions in object [0.04ms]
(pass) wrapMemberAccess > handles nested dangerous keys [0.07ms]
(pass) isAllowedKey > returns true when no allowlist [0.06ms]
(pass) isAllowedKey > returns true when key is in allowlist [0.03ms]
(pass) isAllowedKey > returns false when key is not in allowlist [0.02ms]
(pass) isBlockedKey > blocks common dangerous keys [0.05ms]
(pass) isBlockedKey > allows normal keys [0.02ms]
(pass) isBlockedKey > supports environment-specific blocking [0.02ms]
(pass) isBlockedKey > createSandboxedContext applies the requested sandbox environment [0.10ms]
(pass) isBlockedKey > wrapMemberAccess applies the requested sandbox environment [0.17ms]
(pass) isCodeExecutionPattern > detects timing functions [0.04ms]
(pass) isCodeExecutionPattern > detects code execution functions [0.05ms]
(pass) isCodeExecutionPattern > detects network functions [0.02ms]
(pass) isCodeExecutionPattern > returns false for safe functions [0.02ms]
(pass) Allowlist Mode > createSandboxedObject allows blocklist-only mode by default [0.09ms]
(pass) Allowlist Mode > createSandboxedObject blocks non-allowlisted keys in allowlist mode [0.10ms]
(pass) Allowlist Mode > createSandboxedContext blocks non-allowlisted keys in allowlist mode [0.06ms]
(pass) Allowlist Mode > wrapMemberAccess supports allowlist mode [0.06ms]
(pass) Allowlist Mode > nested objects inherit allowlist options [0.11ms]
(pass) Environment-Aware Blocking > Node.js specific keys blocked in node env [0.04ms]
(pass) Environment-Aware Blocking > Browser specific keys blocked in browser env [0.03ms]
(pass) Environment-Aware Blocking > Deno specific keys blocked in deno env [0.02ms]
(pass) Environment-Aware Blocking > common keys blocked in all environments [0.03ms]

src\runtime\undefined.test.js:
(pass) UNDEFINED_MODES > contains expected modes [0.04ms]
(pass) DEFAULT_UNDEFINED_MODE > is chainable [0.02ms]
(pass) isValidUndefinedMode > returns true for valid modes [0.05ms]
(pass) isValidUndefinedMode > returns false for invalid modes [0.04ms]
(pass) getUndefinedMode > returns mode from opts when valid [0.04ms]
(pass) getUndefinedMode > returns default when opts.undefined is undefined [0.03ms]
(pass) getUndefinedMode > returns default when opts.undefined is invalid [0.02ms]
(pass) getUndefinedMode > returns default when opts is null [0.01ms]
(pass) getUndefinedMode > returns default when opts is undefined [0.02ms]

src\shared\blocked-keys.test.js:
(pass) isBlockedKey > returns true for blocked keys [0.22ms]
(pass) isBlockedKey > returns false for normal keys [0.06ms]
(pass) isBlockedKey > honors explicit environment scopes [0.05ms]
(pass) isDangerousGlobal > returns true for dangerous globals [0.06ms]
(pass) isDangerousGlobal > returns false for normal globals [0.02ms]
(pass) isCodeExecutionPattern > returns true for callable code execution and host escape APIs [0.04ms]
(pass) isCodeExecutionPattern > returns false for object intrinsics and normal methods [0.02ms]
(pass) getBlockedKeyCategory > returns the matching sandbox category [0.08ms]
(pass) getBlockedKeyCategory > returns null when a key is outside the requested environment [0.02ms]
(pass) BLOCKED_KEY_CATEGORIES > keeps JS/TS sandbox groups explicit [0.03ms]
(pass) BLOCKED_KEYS_LIST > contains expected keys [0.03ms]
(pass) DANGEROUS_GLOBALS_LIST > contains expected globals [0.02ms]

src\shared\caller-location.test.js:
(pass) getCallerLocation > returns null for empty stack [0.32ms]
(pass) getCallerLocation > skips nunjucks internal frames [0.04ms]
(pass) getCallerLocation > skips node_modules frames [0.02ms]
(pass) getCallerLocation > returns object with required properties when called from test file [0.03ms]
(pass) getCallerLocation > handles .mjs files in stack [0.41ms]
(pass) getCallerLocation > handles .ts files in stack [0.10ms]
(pass) formatCallerLocation > returns null for null input [0.03ms]
(pass) formatCallerLocation > formats correctly [0.02ms]
(pass) formatCallerLocation > handles missing column [0.01ms]

src\shared\container.test.js:
(pass) createContainer > registers and resolves factory [0.30ms]
(pass) createContainer > registers factory with dependencies [0.50ms]
(pass) createContainer > registers and resolves singleton [0.07ms]
(pass) createContainer > resolves non-singleton factory multiple times [0.04ms]
(pass) createContainer > registers and resolves instance [0.04ms]
(pass) createContainer > throws for unregistered dependency [0.11ms]
(pass) createContainer > checks if dependency is registered [0.04ms]
(pass) createContainer > removes dependency [0.03ms]
(pass) createContainer > clears all dependencies [0.05ms]
(pass) createContainer > returns registered names [0.04ms]
(pass) createContainer > supports fluent API [0.05ms]
(pass) createContainer > throws for non-function factory [0.12ms]
(pass) createScopedContainer > creates scoped container [0.10ms]
(pass) createScopedContainer > scoped container creates new scope [0.04ms]
(pass) createContainerWithDefaults > creates container with default factories [0.09ms]
(pass) createLazyProxy > creates lazy proxy [0.07ms]

src\shared\path-shortener.test.js:
(pass) normalizeDrivePath > strips leading slashes before drive letter [0.09ms]
(pass) normalizeDrivePath > replaces backslashes with forward slashes [0.03ms]
(pass) normalizeDrivePath > leaves already normalized path unchanged [0.02ms]
(pass) shortenPath > shortens path containing /Users/ segment with project root [0.24ms]
(pass) shortenPath > shortens path containing /home/ segment with project root [0.08ms]
(pass) shortenPath > shortens user path without project root [0.07ms]
(pass) shortenPath > returns path unchanged if no users/home segment [0.03ms]
(pass) shortenPath > normalizes path before shortening [0.08ms]
(pass) shortenPath > handles empty string [0.04ms]

src\transformers\index.test.js:
(pass) cps > returns processed AST [0.12ms]
(pass) transform > returns processed AST with asyncPipes [0.03ms]
(pass) transform > defaults asyncPipes to empty array [0.02ms]

src\transformers\pipe-transforms.test.js:
(pass) liftPipes > returns ast unchanged when no async pipes [0.17ms]
(pass) liftPipes > lifts async pipe inside Output into PipeAsync with symbol [0.35ms]
(pass) liftPipes > lifts multiple async pipes [0.24ms]
(pass) liftPipes > does not lift non-async pipes [0.14ms]
(pass) liftPipes > creates PipeAsync with correct name and symbol [0.29ms]

src\transformers\statement-transforms.test.js:
(pass) convertStatements > returns ast unchanged [0.08ms]

src\transformers\super-transforms.test.js:
(pass) liftSuper > returns ast unchanged when no Block nodes [1.13ms]
(pass) liftSuper > replaces FunCall(name=super) with Symbol in block body [0.29ms]
(pass) liftSuper > result has correct block name [0.08ms]
(pass) liftSuper > prepends Super node to body when super() is used [0.08ms]
(pass) liftSuper > does not modify block without super call [0.05ms]

src\transformers\symbol-generator.test.js:
(pass) createSymbolGenerator > generates incrementing symbols starting from seed [0.05ms]
(pass) createSymbolGenerator > defaults seed to 0 [0.02ms]
(pass) createSymbolGenerator > different generators have independent counters [0.02ms]
(pass) createGensym > generates incrementing symbols [0.01ms]
(pass) createGensym > each call creates independent generator [0.03ms]

src\transformers\walk.test.js:
(pass) mapCOW > returns original array when no changes [0.07ms]
(pass) mapCOW > returns new array when item changes [0.06ms]
(pass) mapCOW > keeps original unchanged on partial change [0.02ms]
(pass) mapCOW > returns new array with only changed items different [0.04ms]
(pass) walk > returns non-Node input unchanged [0.04ms]
(pass) walk > applies func to Literal node [0.08ms]
(pass) walk > replaces node when func returns a new node [0.04ms]
(pass) walk > walks children of NodeList [0.06ms]
(pass) walk > reconstructs NodeList when children change [0.06ms]
(pass) walk > walks Output with TemplateData [0.05ms]
(pass) walk > walks FunCall with args [0.07ms]
(pass) walk > walks arithmetic nodes [0.07ms]
(pass) walk > walks Compare node [0.05ms]
(pass) walk > walks CallExtension [0.06ms]
(pass) depthWalk > walks depth-first (func called post-children) [0.06ms]
(pass) depthWalk > replaces node from func in depth-first walk [0.04ms]

src\compiler\expression-compiler\index.test.js:
(pass) compiler/expression-compiler exports > exports compileLiteral [0.04ms]
(pass) compiler/expression-compiler exports > exports compileSymbol [0.02ms]
(pass) compiler/expression-compiler exports > exports compileGroup
(pass) compiler/expression-compiler exports > exports compileArray
(pass) compiler/expression-compiler exports > exports compileDict [0.01ms]
(pass) compiler/expression-compiler exports > exports compileNodeList
(pass) compiler/expression-compiler exports > exports compilePair [0.01ms]
(pass) compiler/expression-compiler exports > exports compileKeywordArgs
(pass) compiler/expression-compiler exports > exports compileAggregate
(pass) compiler/expression-compiler exports > exports compileFunCall
(pass) compiler/expression-compiler exports > exports compilePipe
(pass) compiler/expression-compiler exports > exports compilePipeAsync
(pass) compiler/expression-compiler exports > exports compileLookupVal
(pass) compiler/expression-compiler exports > exports compileOptionalChain
(pass) compiler/expression-compiler exports > exports compileSlice
(pass) compiler/expression-compiler exports > exports compileCompare
(pass) compiler/expression-compiler exports > exports compileIs
(pass) compiler/expression-compiler exports > exports compileInlineIf
(pass) compiler/expression-compiler exports > exports compileOr [0.02ms]
(pass) compiler/expression-compiler exports > exports compileAnd
(pass) compiler/expression-compiler exports > exports compileAdd [0.02ms]
(pass) compiler/expression-compiler exports > exports compileConcat
(pass) compiler/expression-compiler exports > exports compileSub [0.01ms]
(pass) compiler/expression-compiler exports > exports compileMul
(pass) compiler/expression-compiler exports > exports compileDiv
(pass) compiler/expression-compiler exports > exports compileMod
(pass) compiler/expression-compiler exports > exports compileNullishCoalesce
(pass) compiler/expression-compiler exports > exports compileIn
(pass) compiler/expression-compiler exports > exports compileFloorDiv
(pass) compiler/expression-compiler exports > exports compilePow
(pass) compiler/expression-compiler exports > exports compileNot
(pass) compiler/expression-compiler exports > exports compileNeg
(pass) compiler/expression-compiler exports > exports compilePos

src\compiler\statement-compiler\index.test.js:
(pass) compiler/statement-compiler exports > exports compileIf [0.03ms]
(pass) compiler/statement-compiler exports > exports compileSet [0.01ms]
(pass) compiler/statement-compiler exports > exports compileSwitch
(pass) compiler/statement-compiler exports > exports compileFor
(pass) compiler/statement-compiler exports > exports emitLoopBindings
(pass) compiler/statement-compiler exports > exports compileMacroPublic
(pass) compiler/statement-compiler exports > exports compileCaller
(pass) compiler/statement-compiler exports > exports compileBlock [0.02ms]
(pass) compiler/statement-compiler exports > exports compileSuper
(pass) compiler/statement-compiler exports > exports compileImport
(pass) compiler/statement-compiler exports > exports compileFromImport
(pass) compiler/statement-compiler exports > exports compileExtends
(pass) compiler/statement-compiler exports > exports compileInclude
(pass) compiler/statement-compiler exports > exports compileTemplateData
(pass) compiler/statement-compiler exports > exports compileCapture
(pass) compiler/statement-compiler exports > exports compileOutput [0.03ms]
(pass) compiler/statement-compiler exports > exports compileRoot
(pass) compiler/statement-compiler exports > exports compileCallExtension
(pass) compiler/statement-compiler exports > exports compileCallExtensionAsync [0.01ms]

src\compiler\statement-compiler\macro.test.js:
(pass) compileMacroPublic > asserts arg types [0.88ms]

src\parser\expression-parser\arithmetic.test.js:

# Unhandled error between tests
-------------------------------
error: Cannot find module '../nodes/index.js' from 
'C:\Users\ledihildawan\Desktop\nunjucks\src\parser\expression-parser\arithmetic.test.js'
-------------------------------


src\parser\expression-parser\compare.test.js:

# Unhandled error between tests
-------------------------------
error: Cannot find module '../nodes/index.js' from 
'C:\Users\ledihildawan\Desktop\nunjucks\src\parser\expression-parser\compare.test.js'
-------------------------------


src\parser\expression-parser\concat.test.js:

# Unhandled error between tests
-------------------------------
error: Cannot find module '../nodes/index.js' from 
'C:\Users\ledihildawan\Desktop\nunjucks\src\parser\expression-parser\concat.test.js'
-------------------------------


src\parser\expression-parser\inline.test.js:

# Unhandled error between tests
-------------------------------
error: Cannot find module '../nodes/index.js' from 
'C:\Users\ledihildawan\Desktop\nunjucks\src\parser\expression-parser\inline.test.js'
-------------------------------


src\parser\expression-parser\logical.test.js:

# Unhandled error between tests
-------------------------------
error: Cannot find module '../nodes/index.js' from 
'C:\Users\ledihildawan\Desktop\nunjucks\src\parser\expression-parser\logical.test.js'
-------------------------------


src\parser\expression-parser\primary.test.js:

# Unhandled error between tests
-------------------------------
error: Cannot find module '../nodes/index.js' from 
'C:\Users\ledihildawan\Desktop\nunjucks\src\parser\expression-parser\primary.test.js'
-------------------------------


src\parser\postfix-parser\dot.test.js:

# Unhandled error between tests
-------------------------------
error: Cannot find module '../nodes/index.js' from 
'C:\Users\ledihildawan\Desktop\nunjucks\src\parser\postfix-parser\dot.test.js'
-------------------------------


src\parser\postfix-parser\fun-call.test.js:

# Unhandled error between tests
-------------------------------
error: Cannot find module '../nodes/index.js' from 
'C:\Users\ledihildawan\Desktop\nunjucks\src\parser\postfix-parser\fun-call.test.js'
-------------------------------


src\parser\postfix-parser\lookup.test.js:

# Unhandled error between tests
-------------------------------
error: Cannot find module '../nodes/index.js' from 
'C:\Users\ledihildawan\Desktop\nunjucks\src\parser\postfix-parser\lookup.test.js'
-------------------------------


src\parser\postfix-parser\optional.test.js:

# Unhandled error between tests
-------------------------------
error: Cannot find module '../nodes/index.js' from 
'C:\Users\ledihildawan\Desktop\nunjucks\src\parser\postfix-parser\optional.test.js'
-------------------------------


src\parser\postfix-parser\pipe.test.js:

# Unhandled error between tests
-------------------------------
error: Cannot find module '../nodes/index.js' from 
'C:\Users\ledihildawan\Desktop\nunjucks\src\parser\postfix-parser\pipe.test.js'
-------------------------------


src\parser\statement-parser\extends.test.js:

# Unhandled error between tests
-------------------------------
error: Cannot find module '../nodes/index.js' from 
'C:\Users\ledihildawan\Desktop\nunjucks\src\parser\statement-parser\extends.test.js'
-------------------------------


src\parser\statement-parser\for.test.js:

# Unhandled error between tests
-------------------------------
error: Cannot find module '../nodes/index.js' from 
'C:\Users\ledihildawan\Desktop\nunjucks\src\parser\statement-parser\for.test.js'
-------------------------------


src\parser\statement-parser\if.test.js:

# Unhandled error between tests
-------------------------------
error: Cannot find module '../nodes/index.js' from 
'C:\Users\ledihildawan\Desktop\nunjucks\src\parser\statement-parser\if.test.js'
-------------------------------


src\parser\statement-parser\import.test.js:

# Unhandled error between tests
-------------------------------
error: Cannot find module '../nodes/index.js' from 
'C:\Users\ledihildawan\Desktop\nunjucks\src\parser\statement-parser\import.test.js'
-------------------------------


src\parser\statement-parser\macro.test.js:

# Unhandled error between tests
-------------------------------
error: Cannot find module '../nodes/index.js' from 
'C:\Users\ledihildawan\Desktop\nunjucks\src\parser\statement-parser\macro.test.js'
-------------------------------


src\parser\statement-parser\set.test.js:

# Unhandled error between tests
-------------------------------
error: Cannot find module '../nodes/index.js' from 
'C:\Users\ledihildawan\Desktop\nunjucks\src\parser\statement-parser\set.test.js'
-------------------------------


src\parser\statement-parser\switch.test.js:

# Unhandled error between tests
-------------------------------
error: Cannot find module '../nodes/index.js' from 
'C:\Users\ledihildawan\Desktop\nunjucks\src\parser\statement-parser\switch.test.js'
-------------------------------


src\parser\statement-parser\with.test.js:

# Unhandled error between tests
-------------------------------
error: Cannot find module '../nodes/index.js' from 
'C:\Users\ledihildawan\Desktop\nunjucks\src\parser\statement-parser\with.test.js'
-------------------------------


packages\@nunjucks\log\src\create-log.test.ts:
(pass) createLog > outputs formatted error message [7.32ms]
(pass) createLog > simple text output is just the message [0.20ms]
(pass) createLog > displays one-based location [0.22ms]
(pass) createLog > zero-based lineBase displays as one-based [0.16ms]
(pass) createLog > redacts sensitive data in render context [4.50ms]
(pass) createLog > links file paths but not inline locations [1.30ms]
(pass) createLog > warning output shows warning label [0.40ms]
(pass) createLog > warning includes version and timestamp [0.18ms]
(pass) createLog > throws for unknown log type [0.07ms]

19 tests failed:

 836 pass
 19 fail
 19 errors
 1435 expect() calls
Ran 855 tests across 62 files. [821.00ms]
