
> nunjucks@3.2.4 test
> bun test nunjucks/src/

bun test v1.3.14 (0d9b296a)
node.exe : 
At line:1 char:1
+ & "C:\nvm4w\nodejs/node.exe" "C:\nvm4w\nodejs/node_modules/npm/bin/np ...
+ ~~~~~~~~~~~~~~~~~~~~~~~~~~~~~~~~~~~~~~~~~~~~~~~~~~~~~~~~~~~~~~~~~~~~~
    + CategoryInfo          : NotSpecified: (:String) [], RemoteException
    + FullyQualifiedErrorId : NativeCommandError
 
nunjucks\src\compiler\context.test.js:
(pass) createCompilerContext > creates context with default values [0.48ms]
(pass) createCompilerContext > stores throwOnUndefined [0.07ms]

nunjucks\src\compiler\emitters.test.js:
(pass) emit > pushes code to buffer [0.32ms]
(pass) emitLine > appends newline and increments compiledLine [0.29ms]
(pass) emitLine > skips addMapping when originalLine is null [0.18ms]
(pass) emitLine > skips addMapping when originalLine is undefined [0.05ms]
(pass) emitLineWithMapping > adds mapping with templateLine + 1 [0.13ms]
(pass) emitLineWithMapping > skips mapping when templateLine is undefined [0.04ms]
(pass) emitLineWithLineno > adds mapping with templateLine + 1 [0.16ms]
(pass) emitLines > emits each line [0.25ms]
(pass) pushBuffer / popBuffer > pushBuffer creates new buffer variable and pushes stack [0.11ms]
(pass) pushBuffer / popBuffer > popBuffer restores previous buffer [0.05ms]
(pass) tmpid > generates incrementing ids [0.03ms]
(pass) addScopeLevel / closeScopeLevels > addScopeLevel appends )} [0.04ms]
(pass) addScopeLevel / closeScopeLevels > closeScopeLevels emits and clears [0.06ms]
(pass) addScopeLevel / closeScopeLevels > closeScopeLevels does nothing when empty [0.02ms]
(pass) withScopedSyntax > saves and restores scope closers [0.09ms]
(pass) templateNameStr > stringifies template name [0.11ms]
(pass) templateNameStr > returns undefined for null name [0.04ms]
(pass) emitFuncBegin / emitFuncEnd > emitFuncBegin starts async function [0.18ms]
(pass) emitFuncBegin / emitFuncEnd > emitFuncEnd closes function [0.10ms]
(pass) emitFuncBegin / emitFuncEnd > emitFuncEnd skips return when noReturn is true [0.04ms]

nunjucks\src\compiler\index.test.js:
(pass) Compiler > init sets properties [2.21ms]
(pass) Compiler > fail throws TemplateError [0.80ms]
(pass) Compiler > _pushBuffer creates new buffer variable [0.23ms]
(pass) Compiler > _popBuffer restores previous buffer [0.06ms]
(pass) Compiler > _emit pushes code [0.21ms]
(pass) Compiler > _emitLine adds line with newline [0.09ms]
(pass) Compiler > _emitLine adds source mapping when originalLine given [0.15ms]
(pass) Compiler > _emitLineWithMapping emits with templateLine+1 mapping [0.16ms]
(pass) Compiler > _trackMapping adds mapping without emitting [0.11ms]
(pass) Compiler > _emitLines emits multiple lines [0.42ms]
(pass) Compiler > _emitFuncBegin starts root function [1.03ms]
(pass) Compiler > _emitFuncEnd returns buffer and closes [0.31ms]
(pass) Compiler > _emitFuncEnd with noReturn skips return [0.09ms]
(pass) Compiler > _addScopeLevel adds closers [0.13ms]
(pass) Compiler > _closeScopeLevels emits closers and resets [0.05ms]
(pass) Compiler > _withScopedSyntax wraps function [0.08ms]
(pass) Compiler > _tmpid generates incrementing ids [0.03ms]
(pass) Compiler > _templateName returns JSON string [0.07ms]
(pass) Compiler > _templateName returns undefined for null name [0.06ms]
(pass) Compiler > _compileChildren compiles each child [0.57ms]
(pass) Compiler > _compileExpression compiles valid expression [0.24ms]
(pass) Compiler > _compileExpression throws for invalid type [0.10ms]
(pass) Compiler > assertType passes for matching type [0.04ms]
(pass) Compiler > assertType throws for non-matching type [0.06ms]
(pass) Compiler > compile delegates to compileDispatch [0.04ms]
(pass) Compiler > getCode joins codebuf [0.03ms]
(pass) Compiler > getSourceMap returns sourceMap [0.03ms]
(pass) compile function > compiles template string to JS code [3.04ms]
(pass) compile function > compiles with asyncFilters [1.55ms]
(pass) compile function > compiles with extensions [0.67ms]
(pass) compile function > compiles with opts [0.32ms]
(pass) compile function > result can be evaluated as function [0.23ms]
(pass) getSourceMap > returns sourceMap from compiler [0.05ms]
(pass) getSourceMapFromCompile > compiles and returns source map [0.22ms]

nunjucks\src\compiler\node-dispatch.test.js:
(pass) COMPILE_FUNCTIONS > has entries for all expected node types [0.11ms]
(pass) COMPILE_FUNCTIONS > has the correct count [0.03ms]
(pass) compileDispatch > calls the correct function for node typename [0.09ms]
(pass) compileDispatch > calls fail for unknown typename [0.08ms]

nunjucks\src\environment\built-in-tests.test.js:
(pass) callable > returns true for functions [0.08ms]
(pass) callable > returns false for non-functions [0.04ms]
(pass) defined > returns false for undefined [0.05ms]
(pass) defined > returns true for null and other values [0.04ms]
(pass) divisibleby > returns true when divisible [0.07ms]
(pass) divisibleby > returns false when not divisible [0.06ms]
(pass) escaped > returns true for SafeString [0.12ms]
(pass) escaped > returns false for plain string [0.03ms]
(pass) equalto / eq / sameas > equalto returns true for identical values [0.04ms]
(pass) equalto / eq / sameas > eq is alias for equalto [0.03ms]
(pass) equalto / eq / sameas > sameas is alias for equalto [0.02ms]
(pass) equalto / eq / sameas > equalto returns false for different values [0.03ms]
(pass) even > returns true for even numbers [0.04ms]
(pass) even > returns false for odd numbers [0.02ms]
(pass) falsy > returns true for falsy values [0.09ms]
(pass) falsy > returns false for truthy values [0.03ms]
(pass) ge / greaterthan / gt > ge returns true for >= [0.05ms]
(pass) ge / greaterthan / gt > greaterthan returns true for > [0.05ms]
(pass) ge / greaterthan / gt > gt is alias for greaterthan [0.02ms]
(pass) le / lessthan / lt > le returns true for <= [0.05ms]
(pass) le / lessthan / lt > lessthan returns true for < [0.04ms]
(pass) le / lessthan / lt > lt is alias for lessthan [0.03ms]
(pass) isLowerCase > returns true for lowercase strings [0.04ms]
(pass) isLowerCase > returns false for mixed case [0.04ms]
(pass) ne > returns true for different values [0.05ms]
(pass) ne > returns false for equal values [0.03ms]
(pass) null test > nullTest returns true for null [0.03ms]
(pass) null test > nullTest returns false for undefined [0.02ms]
(pass) null test > null alias for nullTest [0.02ms]
(pass) number > returns true for numbers [0.04ms]
(pass) number > returns false for non-numbers [0.02ms]
(pass) odd > returns true for odd numbers [0.04ms]
(pass) odd > returns false for even numbers [0.02ms]
(pass) isString > returns true for strings [0.03ms]
(pass) isString > returns false for non-strings [0.03ms]
(pass) truthy > returns true for truthy values [0.04ms]
(pass) truthy > returns false for falsy values [0.03ms]
(pass) undefined test > undefinedTest returns true for undefined [0.04ms]
(pass) undefined test > undefinedTest returns false for null [0.02ms]
(pass) undefined test > undefined alias for undefinedTest [0.03ms]
(pass) isUpperCase > returns true for uppercase strings [0.04ms]
(pass) isUpperCase > returns false for mixed case [0.03ms]
(pass) iterable > returns true for arrays [0.08ms]
(pass) iterable > returns true for strings [0.03ms]
(pass) iterable > returns false for plain objects [0.04ms]
(pass) iterable > returns false for numbers [0.03ms]
(pass) mapping > returns true for plain objects [0.11ms]
(pass) mapping > returns false for arrays [0.04ms]
(pass) mapping > returns false for null [0.02ms]
(pass) mapping > returns false for undefined [0.02ms]
(pass) mapping > returns false for numbers [0.03ms]
(pass) mapping > returns false for strings [0.02ms]

nunjucks\src\environment\built-ins.test.js:
(pass) createBuiltIns > returns an object with expected keys [0.09ms]
(pass) createBuiltIns > filters and tests start empty [0.03ms]
(pass) createBuiltIns > globals contains range, cycler, joiner [0.03ms]
(pass) normalizeLoaders > returns empty array when no loaders and no constructors [0.05ms]
(pass) normalizeLoaders > returns array as-is when given array [0.04ms]
(pass) normalizeLoaders > wraps single loader in array [0.02ms]

nunjucks\src\environment\filter-wrappers.test.js:
(pass) wrapFilterWithError > wraps sync filter that succeeds [0.18ms]
(pass) wrapFilterWithError > tags error with code and subject on throw [0.16ms]
(pass) wrapFilterWithError > preserves existing error code [0.06ms]
(pass) wrapFilterWithError > preserves this context [0.05ms]
(pass) wrapFilterWithError > handles promises in args [0.19ms]
(pass) wrapFilterWithError > tags error from async args path [0.17ms]
(pass) wrapAsyncFilter > wraps async filter that succeeds [0.25ms]
(pass) wrapAsyncFilter > tags error with code and subject on throw [0.18ms]
(pass) wrapAsyncFilter > resolves promise args before calling [0.11ms]
(pass) wrapAsyncFilter > tags error from resolved args [0.13ms]
(pass) wrapAsyncFilter > preserves this context [0.10ms]

nunjucks\src\environment\globals.test.js:
(pass) range > range(stop) generates 0 to stop-1 [0.21ms]
(pass) range > range(start, stop) generates start to stop-1 [0.03ms]
(pass) range > range(start, stop, step) with positive step [0.01ms]
(pass) range > range(start, stop, step) with negative step [0.02ms]
(pass) range > returns empty array for no iterations [0.02ms]
(pass) cycler > cycles through items [0.14ms]
(pass) cycler > reset restarts cycler [0.04ms]
(pass) cycler > handles single item [0.02ms]
(pass) joiner > returns empty string first time, then separator [0.07ms]
(pass) joiner > defaults to comma separator [0.02ms]

nunjucks\src\environment\index.test.js:
(pass) Environment constructor > init sets default opts [1.12ms]
(pass) Environment constructor > init merges custom opts [0.30ms]
(pass) Environment constructor > init sets _renderingTemplates [0.09ms]
(pass) Environment constructor > init normalizes loaders [0.08ms]
(pass) Environment constructor > registers built-ins [0.09ms]
(pass) Environment constructor > accepts a single loader [0.32ms]
(pass) invalidateCache > clears all loader caches [0.13ms]
(pass) extensions > addExtension stores extension [0.21ms]
(pass) extensions > addExtension sets __name [0.08ms]
(pass) extensions > addExtension returns this [0.14ms]
(pass) extensions > removeExtension removes extension [0.15ms]
(pass) extensions > removeExtension does nothing for unknown [0.09ms]
(pass) extensions > getExtension returns undefined for unknown [0.07ms]
(pass) extensions > hasExtension returns false for unknown [0.06ms]
(pass) globals > addGlobal stores value [0.07ms]
(pass) globals > addGlobal returns this [0.07ms]
(pass) globals > getGlobal returns value [0.10ms]
(pass) globals > getGlobal throws for missing global [0.10ms]
(pass) globals > getGlobal error has code and subject [0.09ms]
(pass) filters > addFilter stores filter [0.15ms]
(pass) filters > addFilter returns this [0.09ms]
(pass) filters > addFilter with async registers in asyncFilters [0.15ms]
(pass) filters > getFilter returns wrapped sync filter [0.25ms]
(pass) filters > getFilter throws for missing filter [0.11ms]
(pass) filters > getFilter error has code UNDEFINED_FILTER [0.09ms]
(pass) tests > addTest stores test [0.08ms]
(pass) tests > addTest returns this [0.07ms]
(pass) tests > getTest returns test [0.13ms]
(pass) tests > getTest throws for missing test [0.09ms]
(pass) getTemplate > returns template from precompiled loader [1.79ms]
(pass) getTemplate > returns noop template when ignoreMissing [0.31ms]
(pass) getTemplate > throws FILE_NOT_FOUND when ignoreMissing is false [0.37ms]
(pass) resolveTemplate > delegates to resolveTemplatePath [0.16ms]
(pass) render and renderString > renderString compiles and renders [1.93ms]
(pass) render and renderString > renderString with path option [1.70ms]
(pass) express > returns environment and sets up app [0.39ms]
(pass) getErrorFormatter > creates and caches error formatter [0.69ms]
(pass) formatError > formats an error [3.13ms]

nunjucks\src\environment\template-loader-helpers.test.js:
(pass) isRelativePath > returns true when loader.isRelative returns truthy [0.20ms]
(pass) isRelativePath > returns false when loader has no isRelative [0.06ms]
(pass) resolveTemplatePath > resolves relative path using loader [0.22ms]
(pass) resolveTemplatePath > returns filename as-is for non-relative path [0.05ms]
(pass) findCachedTemplate > returns null when no loader has cache [0.13ms]
(pass) findCachedTemplate > returns cached template and loader [0.07ms]
(pass) normalizeIncludeChain > returns defaults for null [0.07ms]
(pass) normalizeIncludeChain > returns parentName for string [0.02ms]
(pass) normalizeIncludeChain > returns parentTmpl and chain for object [0.03ms]
(pass) normalizeIncludeChain > returns defaults for unknown type [0.02ms]
(pass) resolveTemplateName > returns raw property if present [0.03ms]
(pass) resolveTemplateName > returns name as-is if string [0.03ms]
(pass) resolveTemplateName > returns null for null/undefined [0.02ms]
(pass) validateTemplateName > returns null for string [0.05ms]
(pass) validateTemplateName > throws for non-string [0.06ms]
(pass) validateTemplateName > error has INVALID_INCLUDE code [0.05ms]

nunjucks\src\environment\template-resolver.test.js:
(pass) normalizeIncludeChain > returns defaults for null/undefined [0.17ms]
(pass) normalizeIncludeChain > returns parentName for string input [0.10ms]
(pass) normalizeIncludeChain > returns parentName and chain for object input [0.11ms]
(pass) resolveTemplateName > returns raw property when input has raw [0.06ms]
(pass) resolveTemplateName > returns input itself when no raw property [0.06ms]
(pass) validateTemplateName > returns null for Template instance [0.66ms]
(pass) validateTemplateName > returns null for string [0.09ms]
(pass) validateTemplateName > throws for non-string, non-Template [0.21ms]
(pass) findCachedTemplate > finds template from first loader [0.09ms]
(pass) findCachedTemplate > finds template from second loader [0.03ms]
(pass) findCachedTemplate > returns null when no loader has cached template [0.03ms]

nunjucks\src\error\config.test.js:
(pass) createConfigStore > returns config with default values [0.18ms]
(pass) createConfigStore > get includes dev flag [0.09ms]
(pass) createConfigStore > set overrides ide [0.16ms]
(pass) createConfigStore > set overrides version [0.08ms]
(pass) createConfigStore > set merges csp [0.08ms]
(pass) createConfigStore > getIde returns ide value [0.07ms]
(pass) createConfigStore > getVersion returns version value [0.07ms]
(pass) createConfigStore > getCsp returns copy of csp [0.10ms]
(pass) createConfigStore > getCsp includes defaults [0.05ms]
(pass) errorConfig singleton > has expected methods [0.07ms]
(pass) errorConfig singleton > get returns dev flag and defaults [0.07ms]
(pass) getConfig / setErrorConfig > getConfig returns state from errorConfig [0.14ms]
(pass) getConfig / setErrorConfig > setErrorConfig updates errorConfig [0.14ms]
(pass) getConfig / setErrorConfig > setErrorConfig preserves unset defaults [0.05ms]

nunjucks\src\error\environment.test.js:
(pass) createEnvironment > creates environment with default options [0.08ms]
(pass) createEnvironment > merges custom options with defaults [0.05ms]
(pass) createEnvironment > formatError returns error result object [0.36ms]
(pass) createEnvironment > formatError handles CSP nonce from headers [0.26ms]
(pass) createEnvironment > formatError uses custom nonce generator [0.23ms]
(pass) createEnvironment > formatError reads source file [0.41ms]
(pass) getEnvironment > returns singleton default environment [0.05ms]
(pass) createErrorFormatter > creates environment with options [0.02ms]
(pass) renderError > renders error to HTML string [0.88ms]
(pass) renderErrorString > renders error with template string [0.24ms]

nunjucks\src\error\index.test.js:
(pass) error/index exports > exports getConfig [0.05ms]
(pass) error/index exports > exports createEnvironment [0.03ms]
(pass) error/index exports > exports getEnvironment [0.02ms]
(pass) error/index exports > exports renderError [0.01ms]
(pass) error/index exports > exports renderErrorString [0.01ms]
(pass) error/index exports > exports createErrorFormatter [0.01ms]
(pass) error/index exports > exports TemplateError [0.02ms]
(pass) error/index exports > exports createTemplateError [0.01ms]
(pass) error/index exports > exports prettifyError [0.03ms]
(pass) error/index exports > exports classifyError [0.02ms]
(pass) error/index exports > exports resolveIdeLink [0.02ms]
(pass) error/index exports > exports getIdeMeta [0.02ms]
(pass) error/index exports > exports extractUndefinedName [0.01ms]
(pass) error/index exports > exports extractLineInfo [0.02ms]
(pass) error/index exports > exports extractColFromMessage [0.02ms]
(pass) error/index exports > exports extractIncludeChainFromMessage [0.02ms]
(pass) error/index exports > exports extractErrorTemplateName [0.02ms]
(pass) error/index exports > exports normalizeLine [0.02ms]
(pass) error/index exports > exports normalizeCol [0.01ms]
(pass) error/index exports > exports getDisplayLine [0.01ms]
(pass) error/index exports > exports getDisplayCol [0.04ms]
(pass) error/index exports > exports getFallbackLine [0.02ms]
(pass) error/index exports > exports getFallbackCol [0.01ms]
(pass) error/index exports > exports mergeLine [0.02ms]
(pass) error/index exports > exports mergeCol [0.02ms]
(pass) error/index exports > exports createDisplayLine [0.02ms]
(pass) error/index exports > exports createDisplayCol [0.02ms]
(pass) error/index exports > exports getSnippet [0.02ms]
(pass) error/index exports > exports extractLineFromSnippet [0.02ms]
(pass) error/index exports > exports splitSnippetLines [0.02ms]
(pass) error/index exports > exports createErrorData [0.01ms]
(pass) error/index exports > exports formatLocation [0.02ms]
(pass) error/index exports > exports getDisplayMessage [0.02ms]
(pass) error/index exports > exports formatCodeTrace [0.01ms]
(pass) error/index exports > exports toConsoleString [0.02ms]
(pass) error/index exports > exports toHtmlString [0.02ms]
(pass) error/index exports > exports CSS [0.04ms]
(pass) error/index exports > exports PRODUCTION_BODY [0.03ms]
(pass) error/index exports > exports TOGGLE_SCRIPT [0.02ms]

nunjucks\src\error\path-shortener.test.js:
(pass) normalizeDrivePath > strips leading slashes before drive letter [0.24ms]
(pass) normalizeDrivePath > replaces backslashes with forward slashes [0.06ms]
(pass) normalizeDrivePath > leaves already normalized path unchanged [0.04ms]
(pass) shortenPath > shortens path containing /Users/ segment with project root [0.65ms]
(pass) shortenPath > shortens path containing /home/ segment with project root [0.20ms]
(pass) shortenPath > shortens user path without project root [0.09ms]
(pass) shortenPath > returns path unchanged if no users/home segment [0.06ms]
(pass) shortenPath > normalizes path before shortening [0.07ms]
(pass) shortenPath > handles empty string [0.05ms]

nunjucks\src\filters\array.test.js:
(pass) batch > splits array into batches [0.19ms]
(pass) batch > fills last batch with fillWith [0.08ms]
(pass) batch > returns empty array for empty input [0.04ms]
(pass) first > returns first element [0.06ms]
(pass) first > returns undefined for empty array [0.03ms]
(pass) last > returns last element [0.06ms]
(pass) last > returns undefined for empty array [0.03ms]
(pass) lengthFilter > returns length of array [0.19ms]
(pass) lengthFilter > returns length of string [0.04ms]
(pass) lengthFilter > returns 0 for null/undefined [0.05ms]
(pass) list > splits string into characters [0.14ms]
(pass) list > returns array as-is [0.06ms]
(pass) list > converts object to key-value entries [0.16ms]
(pass) list > throws for non-iterable [0.12ms]
(pass) random > returns an element from the array [0.09ms]
(pass) random > returns undefined for empty array [0.04ms]
(pass) reverse > reverses array [0.24ms]
(pass) reverse > does not mutate original [0.06ms]
(pass) slice filter > splits array into slices [0.21ms]
(pass) slice filter > fills extra slice with fillWith [0.07ms]
(pass) sum > sums array of numbers [0.13ms]
(pass) sum > uses start value [0.05ms]
(pass) sum > defaults start to 0 [0.03ms]
(pass) sort > sorts array ascending [0.87ms]
(pass) sort > sorts array reversed [0.11ms]
(pass) sort > sorts case-insensitive by default [0.10ms]
(pass) sort > sorts case-sensitive [0.12ms]
(pass) sort > does not mutate original [0.13ms]
(pass) selectattr / rejectattr > selectattr keeps items with truthy attr [0.11ms]
(pass) selectattr / rejectattr > rejectattr keeps items with falsy attr [0.05ms]
(pass) select / reject > select filters to truthy test results [0.34ms]
(pass) select / reject > reject filters to falsy test results [0.05ms]

nunjucks\src\filters\math.test.js:
(pass) abs > returns Math.abs [0.05ms]
(pass) isNaN > returns true for NaN [0.04ms]
(pass) isNaN > returns false for numbers [0.02ms]
(pass) round > rounds to nearest integer by default [0.07ms]
(pass) round > rounds with precision [0.04ms]
(pass) round > rounds with ceil method [0.03ms]
(pass) round > rounds with floor method [0.02ms]
(pass) round > defaults precision to 0 [0.01ms]
(pass) float > parses float from string [0.05ms]
(pass) float > returns default for non-numeric [0.03ms]
(pass) float > handles integer strings [0.02ms]
(pass) int > parses integer from string [0.07ms]
(pass) int > parses with base [0.03ms]
(pass) int > returns default for non-numeric [0.02ms]
(pass) int > returns undefined default when omitted [0.02ms]

nunjucks\src\filters\object.test.js:
(pass) dictsort > sorts object by key [0.26ms]
(pass) dictsort > sorts object by value [0.06ms]
(pass) dictsort > sorts case-insensitively by default [0.04ms]
(pass) dictsort > sorts case-sensitively when caseSensitive is true [0.05ms]
(pass) dictsort > throws for non-object [0.08ms]
(pass) dictsort > throws for invalid by parameter [0.04ms]

nunjucks\src\filters\string.test.js:
(pass) normalize > returns value for truthy values [0.05ms]
(pass) normalize > returns default for null/undefined/false [0.03ms]
(pass) capitalize > capitalizes first letter, lowercases rest [0.10ms]
(pass) capitalize > handles empty string [0.03ms]
(pass) capitalize > handles null [0.01ms]
(pass) center > centers string in given width [0.10ms]
(pass) center > returns string as-is if longer than width [0.02ms]
(pass) center > defaults width to 80 [0.02ms]
(pass) default_ > returns val if not undefined [0.04ms]
(pass) default_ > returns default for undefined [0.01ms]
(pass) default_ > uses truthy check when bool is true [0.02ms]
(pass) dump > serializes object to JSON [0.06ms]
(pass) dump > formats with spaces [0.04ms]
(pass) escape > escapes HTML characters [0.17ms]
(pass) escape > returns SafeString for null/undefined [0.03ms]
(pass) safe > wraps string as SafeString [0.03ms]
(pass) forceescape > escapes even if already safe [0.05ms]
(pass) indent > indents lines with 4 spaces by default [0.11ms]
(pass) indent > skips first line when indentfirst is falsy [0.05ms]
(pass) indent > indents first line when indentfirst is truthy [0.02ms]
(pass) indent > returns empty for empty string [0.01ms]
(pass) join > joins array with delimiter [0.04ms]
(pass) join > joins with empty string by default [0.02ms]
(pass) join > joins by attribute [0.05ms]
(pass) lower > lowercases string [0.03ms]
(pass) nl2br > replaces newlines with <br /> [0.07ms]
(pass) nl2br > handles null [0.02ms]
(pass) replace > replaces all occurrences of string [0.13ms]
(pass) replace > replaces with maxCount [0.03ms]
(pass) replace > replaces with RegExp [0.05ms]
(pass) replace > handles empty search string [0.03ms]
(pass) replace > returns string as-is when no match [0.01ms]
(pass) replace > returns str when old is not string/number/regexp [0.01ms]
(pass) replace > handles number str value [0.02ms]
(pass) string > copies safeness from obj [0.02ms]
(pass) striptags > strips HTML tags [0.17ms]
(pass) striptags > preserves linebreaks when option set [0.06ms]
(pass) title > titlecases each word [0.06ms]
(pass) trim > trims leading and trailing whitespace [0.02ms]
(pass) truncate > truncates at word boundary by default [0.06ms]
(pass) truncate > truncates at exact length with killwords [0.02ms]
(pass) truncate > returns original if within length [0.01ms]
(pass) truncate > uses custom end string [0.02ms]
(pass) truncate > defaults length to 255 [0.03ms]
(pass) upper > uppercases string [0.03ms]
(pass) urlencode > encodes string [0.08ms]
(pass) urlencode > encodes array of key-value pairs [0.08ms]
(pass) urlencode > encodes object [0.03ms]
(pass) urlize > converts URLs to links [1.03ms]
(pass) urlize > converts www URLs to http links [0.09ms]
(pass) urlize > converts email addresses to mailto links [0.06ms]
(pass) urlize > adds nofollow when specified [0.05ms]
(pass) wordcount > counts words in string [0.17ms]
(pass) wordcount > returns null for empty string [0.06ms]

nunjucks\src\helpers\attributes.test.js:
(pass) _prepareAttributeParts > returns empty array for falsy input [0.09ms]
(pass) _prepareAttributeParts > splits dot-separated string [0.06ms]
(pass) _prepareAttributeParts > returns single-element array for string without dots [0.05ms]
(pass) _prepareAttributeParts > wraps non-string value in array [0.04ms]
(pass) getAttrGetter > gets simple key from object [0.19ms]
(pass) getAttrGetter > gets nested key from object [0.07ms]
(pass) getAttrGetter > returns undefined for missing key [0.05ms]
(pass) getAttrGetter > returns undefined for missing nested key [0.08ms]
(pass) getAttrGetter > works with string key [0.06ms]
(pass) getAttrGetter > falsy numeric key returns item itself (attr is falsy, parts empty) [0.05ms]
(pass) getAttrGetter > uses hasOwnProperty check [0.06ms]

nunjucks\src\helpers\environment-check.test.js:
(pass) isDevelopment > returns true when NODE_ENV is not set [0.29ms]
(pass) isDevelopment > returns false when NODE_ENV is production [0.07ms]
(pass) isDevelopment > returns false when NODE_ENV is test [0.02ms]
(pass) isDevelopment > returns true when NODE_ENV is development [0.06ms]
(pass) isDevelopment > returns true when NODE_ENV is any other value [0.05ms]

nunjucks\src\helpers\monad.test.js:
(pass) Result > ok creates success result [0.09ms]
(pass) Result > err creates failure result [0.05ms]
(pass) Result > isOk/isErr checks [0.07ms]
(pass) Result > map transforms ok value [0.08ms]
(pass) Result > map skips err value [0.03ms]
(pass) Result > mapErr transforms error [0.08ms]
(pass) Result > mapErr skips ok value [0.02ms]
(pass) Result > flatMap chains ok results [0.04ms]
(pass) Result > flatMap short-circuits on err [0.02ms]
(pass) Result > getOrElse returns value on ok [0.03ms]
(pass) Result > getOrElse returns default on err [0.03ms]
(pass) Result > getOrThrow returns value on ok [0.03ms]
(pass) Result > getOrThrow throws on err [0.06ms]
(pass) Result > fromNullable creates ok for non-null [0.05ms]
(pass) Result > fromNullable creates err for null [0.02ms]
(pass) Result > fromNullable creates err for undefined [0.02ms]
(pass) Result > fromNullable uses custom error message [0.02ms]
(pass) Result > fromThrowable catches sync function result [0.05ms]
(pass) Result > fromThrowable catches thrown error [0.05ms]
(pass) Result > of aliases ok [0.02ms]
(pass) Result > empty creates ok(null) [0.02ms]
(pass) Maybe > just creates some value [0.04ms]
(pass) Maybe > nothing creates absent value [0.03ms]
(pass) Maybe > isJust/isNothing checks [0.04ms]
(pass) Maybe > map transforms just value [0.05ms]
(pass) Maybe > map skips nothing [0.02ms]
(pass) Maybe > flatMap chains just [0.06ms]
(pass) Maybe > flatMap short-circuits on nothing [0.02ms]
(pass) Maybe > getOrElse returns value on just [0.04ms]
(pass) Maybe > getOrElse returns default on nothing [0.02ms]
(pass) Maybe > fromNullable creates just for non-null [0.02ms]
(pass) Maybe > fromNullable creates nothing for null [0.01ms]
(pass) Maybe > of aliases just [0.02ms]
(pass) Maybe > empty creates nothing [0.02ms]
(pass) tryCatch > returns ok on success [0.07ms]
(pass) tryCatch > returns err on thrown error [0.07ms]
(pass) attempt > returns ok on success [0.06ms]
(pass) attempt > returns err on thrown error [0.04ms]
(pass) composeAsync > chains async functions successfully [0.30ms]
(pass) composeAsync > short-circuits on error [0.10ms]
(pass) pipeWithResult > chains functions over initial value [0.09ms]
(pass) pipeWithResult > short-circuits on error [0.15ms]

nunjucks\src\helpers\source-map.test.js:
(pass) SourceMap > creates with template name [0.09ms]
(pass) SourceMap > addMapping stores mapping [0.07ms]
(pass) SourceMap > getOriginalPosition returns start for line 0 [0.15ms]
(pass) SourceMap > getOriginalPosition returns line+offset for negative [0.06ms]
(pass) SourceMap > getOriginalPosition maps through stored mappings [0.06ms]
(pass) SourceMap > getOriginalPosition returns compiled line if no mapping covers it [0.05ms]
(pass) SourceMap > getOriginalPosition returns last mapping for lower line [0.04ms]
(pass) SourceMap > fromArray creates SourceMap with pre-filled mappings [0.13ms]
(pass) SourceMap > fromArray handles non-array input [0.05ms]
(pass) applySourceMapToError > returns null for missing source map data [0.10ms]
(pass) applySourceMapToError > returns null for non-array source map data [0.03ms]
(pass) applySourceMapToError > sets lineno and colno on error [0.06ms]
(pass) createMappedError > returns null for missing source map data [0.18ms]
(pass) createMappedError > creates error with mapped location [0.25ms]

nunjucks\src\integration\api.test.js:

# Unhandled error between tests
-------------------------------
274 |   }
275 |   return { opts, templatesPath };
276 | };
277 | 
278 | const loaders = {
279 |   FileSystemLoader,
        ^
ReferenceError: FileSystemLoader is not defined
      at C:\Users\ledihildawan\Desktop\nunjucks\nunjucks\index.js:279:3
-------------------------------


nunjucks\src\integration\core.test.js:

# Unhandled error between tests
-------------------------------
288 |   getSourceMap,
289 |   getSourceMapFromCompile,
290 | };
291 | 
292 | const parser = {
293 |   Parser,
        ^
ReferenceError: FileSystemLoader is not defined
      at C:\Users\ledihildawan\Desktop\nunjucks\nunjucks\index.js:293:3
-------------------------------


nunjucks\src\integration\express-app.test.js:
(pass) express > calls app.set with view function [0.21ms]
(pass) express > view function returns object with render method that calls env.render [0.53ms]
(pass) express > returns the environment [0.05ms]

nunjucks\src\integration\jinja-compat.test.js:
(pass) createCompatInstaller > returns a function [0.04ms]
(pass) createCompatInstaller > first call returns a function (uninstaller) [0.07ms]
(pass) createCompatInstaller > second call from same installer returns a noop [0.02ms]
(pass) createCompatInstaller > uninstaller allows re-installation [0.03ms]
(pass) createCompatInstaller > different installers are independent [0.05ms]

nunjucks\src\lexer\delimiters.test.js:
(pass) character constants > WHITESPACE_CHARS includes space, newline, tab, cr, non-breaking space [0.03ms]
(pass) character constants > DELIM_CHARS includes expected characters [0.04ms]
(pass) character constants > INT_CHARS includes all digits [0.01ms]
(pass) default delimiters > DEFAULT_BLOCK_START is {% [0.01ms]
(pass) default delimiters > DEFAULT_BLOCK_END is %} [0.01ms]
(pass) default delimiters > DEFAULT_VARIABLE_START is {{
(pass) default delimiters > DEFAULT_VARIABLE_END is }}
(pass) default delimiters > DEFAULT_COMMENT_START is {#
(pass) default delimiters > DEFAULT_COMMENT_END is #}
(pass) COMPLEX_OPERATORS > contains comparison and logical operators [0.03ms]
(pass) REGEX_FLAGS > contains g, i, m, y [0.03ms]
(pass) createDelimiters > returns all defaults when no options given [0.05ms]
(pass) createDelimiters > overrides specific delimiters [0.05ms]
(pass) createDelimiters > overrides all delimiters [0.03ms]
(pass) createDelimiters > returns defaults when called with empty object [0.02ms]

nunjucks\src\lexer\index.test.js:
(pass) lexer/index exports > exports Tokenizer [0.03ms]
(pass) lexer/index exports > exports lex [0.01ms]
(pass) lexer/index exports > exports createToken
(pass) lexer/index exports > exports TOKEN_BLOCK_END [0.01ms]
(pass) lexer/index exports > exports TOKEN_BLOCK_START [0.02ms]
(pass) lexer/index exports > exports TOKEN_SYMBOL
(pass) lexer/index exports > exports TOKEN_DATA [0.01ms]
(pass) lexer/index exports > exports TOKEN_STRING
(pass) lexer/index exports > exports TOKEN_INT
(pass) lexer/index exports > exports TOKEN_FLOAT [0.01ms]
(pass) lexer/index exports > exports TOKEN_BOOLEAN
(pass) lexer/index exports > exports TOKEN_NONE [0.01ms]
(pass) lexer/index exports > exports TOKEN_TYPES
(pass) lexer/index exports > exports TOKEN_VARIABLE_START
(pass) lexer/index exports > exports TOKEN_VARIABLE_END
(pass) lexer/index exports > exports TOKEN_COMMENT [0.01ms]
(pass) lexer/index exports > exports TOKEN_OPERATOR
(pass) lexer/index exports > exports TOKEN_PIPEFORWARD
(pass) lexer/index exports > exports TOKEN_LEFT_PAREN
(pass) lexer/index exports > exports TOKEN_RIGHT_PAREN [0.01ms]
(pass) lexer/index exports > exports TOKEN_LEFT_BRACKET
(pass) lexer/index exports > exports TOKEN_RIGHT_BRACKET
(pass) lexer/index exports > exports TOKEN_LEFT_CURLY [0.01ms]
(pass) lexer/index exports > exports TOKEN_RIGHT_CURLY
(pass) lexer/index exports > exports TOKEN_COMMA
(pass) lexer/index exports > exports TOKEN_COLON [0.01ms]
(pass) lexer/index exports > exports TOKEN_TILDE
(pass) lexer/index exports > exports TOKEN_WHITESPACE
(pass) lexer/index exports > exports TOKEN_SPECIAL
(pass) lexer/index exports > exports TOKEN_REGEX [0.01ms]
(pass) lexer/index exports > exports COMPLEX_OPERATORS
(pass) lexer/index exports > exports createDelimiters
(pass) lexer/index exports > exports DEFAULT_BLOCK_END
(pass) lexer/index exports > exports DEFAULT_BLOCK_START
(pass) lexer/index exports > exports DEFAULT_COMMENT_END
(pass) lexer/index exports > exports DEFAULT_COMMENT_START [0.01ms]
(pass) lexer/index exports > exports DEFAULT_VARIABLE_END
(pass) lexer/index exports > exports DEFAULT_VARIABLE_START
(pass) lexer/index exports > exports DELIM_CHARS
(pass) lexer/index exports > exports INT_CHARS
(pass) lexer/index exports > exports REGEX_FLAGS
(pass) lexer/index exports > exports WHITESPACE_CHARS [0.01ms]

nunjucks\src\lexer\token-types.test.js:
(pass) token type constants > TOKEN_STRING has value string [0.09ms]
(pass) token type constants > TOKEN_WHITESPACE has value whitespace
(pass) token type constants > TOKEN_DATA has value data
(pass) token type constants > TOKEN_BLOCK_START has value block-start
(pass) token type constants > TOKEN_BLOCK_END has value block-end
(pass) token type constants > TOKEN_VARIABLE_START has value variable-start
(pass) token type constants > TOKEN_VARIABLE_END has value variable-end
(pass) token type constants > TOKEN_COMMENT has value comment
(pass) token type constants > TOKEN_LEFT_PAREN has value left-paren
(pass) token type constants > TOKEN_RIGHT_PAREN has value right-paren
(pass) token type constants > TOKEN_LEFT_BRACKET has value left-bracket
(pass) token type constants > TOKEN_RIGHT_BRACKET has value right-bracket
(pass) token type constants > TOKEN_LEFT_CURLY has value left-curly
(pass) token type constants > TOKEN_RIGHT_CURLY has value right-curly
(pass) token type constants > TOKEN_OPERATOR has value operator
(pass) token type constants > TOKEN_COMMA has value comma
(pass) token type constants > TOKEN_COLON has value colon
(pass) token type constants > TOKEN_TILDE has value tilde
(pass) token type constants > TOKEN_PIPEFORWARD has value pipe-forward
(pass) token type constants > TOKEN_INT has value int
(pass) token type constants > TOKEN_FLOAT has value float
(pass) token type constants > TOKEN_BOOLEAN has value boolean
(pass) token type constants > TOKEN_NONE has value none
(pass) token type constants > TOKEN_SYMBOL has value symbol
(pass) token type constants > TOKEN_SPECIAL has value special
(pass) token type constants > TOKEN_REGEX has value regex
(pass) TOKEN_TYPES map > contains all token types [0.31ms]
(pass) TOKEN_TYPES map > has exactly 26 entries [0.09ms]

nunjucks\src\lexer\tokenizer.test.js:
(pass) createToken > creates a token object [1.48ms]
(pass) Tokenizer > constructor > initializes with empty string [0.12ms]
(pass) Tokenizer > constructor > accepts custom tags [0.06ms]
(pass) Tokenizer > constructor > respects trimBlocks option [0.02ms]
(pass) Tokenizer > constructor > respects lstripBlocks option [0.02ms]
(pass) Tokenizer > current > returns current character [0.02ms]
(pass) Tokenizer > current > returns empty string when finished [0.02ms]
(pass) Tokenizer > previous > returns previous character [0.02ms]
(pass) Tokenizer > previous > returns empty when at start [0.02ms]
(pass) Tokenizer > isFinished > returns true when index >= len [0.01ms]
(pass) Tokenizer > isFinished > returns false when more chars remain [0.01ms]
(pass) Tokenizer > forward > advances index and colno [0.02ms]
(pass) Tokenizer > forward > increments lineno and resets colno on newline [0.03ms]
(pass) Tokenizer > back > decrements index and colno [0.06ms]
(pass) Tokenizer > back > decrements lineno and adjusts colno on newline [0.03ms]
(pass) Tokenizer > forwardN/backN > forwardN advances by n [0.02ms]
(pass) Tokenizer > forwardN/backN > backN goes back by n [0.05ms]
(pass) Tokenizer > _matches > returns true when substring matches [0.02ms]
(pass) Tokenizer > _matches > returns false when no match [0.01ms]
(pass) Tokenizer > _matches > returns null when string extends past end [0.02ms]
(pass) Tokenizer > _extractString > extracts matching string and advances [0.02ms]
(pass) Tokenizer > _extractString > returns null when no match [0.02ms]
(pass) Tokenizer > _extractUntil and _extract > _extractUntil extracts until break char [0.06ms]
(pass) Tokenizer > _extractUntil and _extract > _extract extracts matching chars [0.04ms]
(pass) Tokenizer > _parseString > parses double-quoted string [0.10ms]
(pass) Tokenizer > _parseString > parses single-quoted string [0.03ms]
(pass) Tokenizer > _parseString > handles escape sequences [0.04ms]
(pass) Tokenizer > _parseString > handles backslash escape [0.02ms]
(pass) Tokenizer > _parseOperator > returns LEFT_PAREN for ( [0.19ms]
(pass) Tokenizer > _parseOperator > returns RIGHT_PAREN for ) [0.10ms]
(pass) Tokenizer > _parseOperator > returns LEFT_BRACKET for [ [0.06ms]
(pass) Tokenizer > _parseOperator > returns RIGHT_BRACKET for ] [0.02ms]
(pass) Tokenizer > _parseOperator > returns LEFT_CURLY for { [0.03ms]
(pass) Tokenizer > _parseOperator > returns RIGHT_CURLY for } [0.04ms]
(pass) Tokenizer > _parseOperator > returns COMMA for , [0.02ms]
(pass) Tokenizer > _parseOperator > returns COLON for : [0.03ms]
(pass) Tokenizer > _parseOperator > returns TILDE for ~ [0.04ms]
(pass) Tokenizer > _parseOperator > returns PIPEFORWARD for |> [0.06ms]
(pass) Tokenizer > _parseOperator > returns OPERATOR for other symbols [0.03ms]
(pass) Tokenizer > _parseOperator > handles complex operators like == [0.04ms]
(pass) Tokenizer > _parseOperator > handles triple operators like === [0.03ms]
(pass) Tokenizer > _parseSymbol > parses integer [0.11ms]
(pass) Tokenizer > _parseSymbol > parses negative integer [0.04ms]
(pass) Tokenizer > _parseSymbol > parses float via _parseNumber [0.05ms]
(pass) Tokenizer > _parseSymbol > parses boolean true [0.04ms]
(pass) Tokenizer > _parseSymbol > parses boolean false [0.03ms]
(pass) Tokenizer > _parseSymbol > parses none [0.02ms]
(pass) Tokenizer > _parseSymbol > parses null as none [0.03ms]
(pass) Tokenizer > _parseSymbol > parses symbol [0.03ms]
(pass) Tokenizer > _parseSymbol > throws TemplateError for empty string [0.13ms]
(pass) Tokenizer > nextToken in template text mode > returns DATA token for plain text [0.07ms]
(pass) Tokenizer > nextToken in template text mode > returns BLOCK_START for block tag [0.04ms]
(pass) Tokenizer > nextToken in template text mode > returns VARIABLE_START for variable tag [0.04ms]
(pass) Tokenizer > nextToken in template text mode > returns null at end [0.03ms]
(pass) Tokenizer > nextToken in code mode > returns STRING token [0.05ms]
(pass) Tokenizer > nextToken in code mode > returns WHITESPACE token [0.05ms]
(pass) Tokenizer > nextToken in code mode > returns BLOCK_END token and exits code mode [0.05ms]
(pass) Tokenizer > nextToken in code mode > returns VARIABLE_END token and exits code mode [0.06ms]
(pass) Tokenizer > nextToken in code mode > parses regex literal [0.26ms]
(pass) Tokenizer > nextToken in code mode > returns operator token for delim chars [0.05ms]
(pass) Tokenizer > nextToken in code mode > parses symbol token [0.04ms]
(pass) Tokenizer > nextToken in code mode > returns null when finished in code mode [0.03ms]
(pass) Tokenizer > trimBlocks option > trims newline after block end when trimBlocks is true [0.12ms]
(pass) Tokenizer > lex helper > creates a Tokenizer from lex [0.04ms]

nunjucks\src\loaders\base.test.js:
(pass) Loader > isRelative returns true for ./ paths [0.22ms]
(pass) Loader > isRelative returns true for ../ paths [0.04ms]
(pass) Loader > isRelative returns false for absolute paths [0.03ms]
(pass) Loader > isRelative returns false for plain names [0.03ms]
(pass) Loader > resolve uses dirname of from [0.16ms]
(pass) Loader > resolve handles relative child paths [0.06ms]

nunjucks\src\loaders\file-system.test.js:
(pass) FileSystemLoader > extends Loader [6.72ms]
(pass) FileSystemLoader > constructor normalizes search paths [6.25ms]
(pass) FileSystemLoader > constructor defaults searchPaths to ["."] [3.89ms]
(pass) FileSystemLoader > constructor sets noCache from opts [5.14ms]
(pass) FileSystemLoader > constructor sets watch from opts [4.99ms]
(pass) FileSystemLoader > getSource returns source for existing file [5.30ms]
(pass) FileSystemLoader > getSource returns null for missing file [5.16ms]
(pass) FileSystemLoader > getSource finds file in subdirectory [4.91ms]
(pass) FileSystemLoader > getSource emits load event [4.25ms]
(pass) FileSystemLoader > watches file when watchEnabled is true [8.39ms]
(pass) FileSystemLoader > unwatchFile removes watcher [6.65ms]
(pass) FileSystemLoader > unwatchAll removes all watchers [6.27ms]
(pass) FileSystemLoader > multiple search paths [7.85ms]

nunjucks\src\loaders\index.test.js:
(pass) loaders/index exports > exports createFileSystemLoader [0.03ms]
(pass) loaders/index exports > exports createNodeResolveLoader [0.01ms]
(pass) loaders/index exports > exports createWebLoader
(pass) loaders/index exports > exports createPrecompiledLoader [0.01ms]
(pass) loaders/index exports > exports createLoader

nunjucks\src\loaders\node-resolve.test.js:
(pass) NodeResolveLoader > extends Loader [0.13ms]
(pass) NodeResolveLoader > constructor sets options [0.06ms]
(pass) NodeResolveLoader > constructor defaults [0.02ms]
(pass) NodeResolveLoader > getSource returns null for relative paths (./) [0.21ms]
(pass) NodeResolveLoader > getSource returns null for relative paths (../) [0.06ms]
(pass) NodeResolveLoader > getSource returns null for Windows absolute paths [0.07ms]
(pass) NodeResolveLoader > getSource resolves real module names [0.68ms]
(pass) NodeResolveLoader > getSource returns null for unknown module [0.65ms]
(pass) NodeResolveLoader > getSource emits load event for resolved module [0.39ms]
(pass) NodeResolveLoader > getSource sets pathsToNames mapping [0.26ms]
(pass) NodeResolveLoader > getSource with noCache set [0.25ms]

nunjucks\src\loaders\precompiled.test.js:
(pass) createPrecompiledLoader > creates loader that returns precompiled template [1.80ms]
(pass) createPrecompiledLoader > returns null for missing template [0.03ms]
(pass) createPrecompiledLoader > defaults to empty compiledTemplates [0.02ms]
(pass) PrecompiledLoader > constructor stores precompiled templates [0.04ms]
(pass) PrecompiledLoader > getSource returns precompiled template [0.03ms]
(pass) PrecompiledLoader > getSource returns null for missing template [0.02ms]

nunjucks\src\loaders\web.test.js:
(pass) WebLoader > createWebLoader > returns a Loader instance [0.29ms]
(pass) WebLoader > createWebLoader > defaults baseURL to "." [0.17ms]
(pass) WebLoader > createWebLoader > sets useCache from opts [0.07ms]
(pass) WebLoader > createWebLoader > resolve throws error [0.20ms]
(pass) WebLoader > createWebLoader > getSource returns source on successful XHR [1.10ms]
(pass) WebLoader > createWebLoader > getSource handles status 0 as success [0.37ms]
(pass) WebLoader > createWebLoader > getSource returns null for 404 [0.36ms]
(pass) WebLoader > createWebLoader > getSource throws on non-404 error [0.23ms]
(pass) WebLoader > createWebLoader > getSource uses cache when useCache is true [0.33ms]
(pass) WebLoader > createWebLoader > getSource emits load event [0.42ms]
(pass) WebLoader > WebLoader class > constructor sets baseURL, useCache, async [0.13ms]
(pass) WebLoader > WebLoader class > constructor defaults baseURL to "." [0.05ms]
(pass) WebLoader > WebLoader class > resolve throws error [0.08ms]
(pass) WebLoader > WebLoader class > getSource works same as createWebLoader [0.18ms]
(pass) WebLoader > WebLoader class > rejects when window is not defined [0.11ms]

nunjucks\src\nodes\index.test.js:
(pass) Node > init stores lineno and colno via Value subclass [0.09ms]
(pass) Node > typename from extended class [0.12ms]
(pass) Node > iterFields iterates over field values [0.19ms]
(pass) Node > findAll returns empty for node with no matching children [0.05ms]
(pass) Value > has value field [0.02ms]
(pass) Value > typename is Value [0.02ms]
(pass) Value > findAll returns 0 for leaf value (it only traverses children/fields) [0.05ms]
(pass) NodeList > init stores children [0.04ms]
(pass) NodeList > init defaults children to empty array [0.02ms]
(pass) NodeList > addChild appends to children [0.03ms]
(pass) NodeList > typename is NodeList [0.02ms]
(pass) NodeList > findAll finds nodes in children [0.04ms]
(pass) Root > is NodeList and has typename Root [0.03ms]
(pass) Literal > stores various literal values [0.04ms]
(pass) AstSymbol > stores symbol name [0.02ms]
(pass) Group > is NodeList [0.02ms]
(pass) ArrayNode > is NodeList [0.02ms]
(pass) Pair > stores key and value [0.02ms]
(pass) Dict > is NodeList [0.02ms]
(pass) LookupVal > stores target and val [0.04ms]
(pass) OptionalChain > stores target and val [0.03ms]
(pass) Slice > stores start, stop, step [0.03ms]
(pass) If > stores cond, body, else_ [0.04ms]
(pass) InlineIf > stores cond, body, else_ [0.03ms]
(pass) For > stores arr, name, body, else_ [0.05ms]
(pass) Macro / Caller > Macro stores name, args, body [0.03ms]
(pass) Macro / Caller > Caller extends Macro [0.04ms]
(pass) Import > stores template, target, withContext [0.03ms]
(pass) FromImport > stores template, names, withContext [0.06ms]
(pass) FromImport > defaults names to empty NodeList [0.03ms]
(pass) FunCall / Pipe > FunCall stores name and args [0.03ms]
(pass) FunCall / Pipe > Pipe extends FunCall [0.03ms]
(pass) Block > stores name and body [0.03ms]
(pass) Super > stores blockName and symbol [0.04ms]
(pass) Extends > stores template [0.02ms]
(pass) Include > stores template and ignoreMissing [0.03ms]
(pass) Set > stores targets, value, operator [0.04ms]
(pass) Switch / Case > Switch stores expr, cases, default [0.06ms]
(pass) Switch / Case > Case stores cond and body [0.03ms]
(pass) Output / Capture / TemplateData > Output is NodeList [0.02ms]
(pass) Output / Capture / TemplateData > Capture stores body [0.03ms]
(pass) Output / Capture / TemplateData > TemplateData extends Literal [0.03ms]
(pass) UnaryOp / BinOp > UnaryOp stores target [0.04ms]
(pass) UnaryOp / BinOp > BinOp stores left and right [0.03ms]
(pass) Concrete BinOp types > %s extends BinOp [0.04ms]
(pass) Concrete BinOp types > %s extends BinOp [0.01ms]
(pass) Concrete BinOp types > %s extends BinOp
(pass) Concrete BinOp types > %s extends BinOp
(pass) Concrete BinOp types > %s extends BinOp
(pass) Concrete BinOp types > %s extends BinOp
(pass) Concrete BinOp types > %s extends BinOp
(pass) Concrete BinOp types > %s extends BinOp [0.02ms]
(pass) Concrete BinOp types > %s extends BinOp
(pass) Concrete BinOp types > %s extends BinOp
(pass) Concrete BinOp types > %s extends BinOp
(pass) Concrete BinOp types > %s extends BinOp [0.01ms]
(pass) Concrete BinOp types > %s extends BinOp
(pass) Concrete UnaryOp types > Neg extends UnaryOp [0.03ms]
(pass) Concrete UnaryOp types > Pos extends UnaryOp [0.04ms]
(pass) Comparison nodes > Compare stores expr and ops [0.06ms]
(pass) CallExtension > stores extName, prop, args, contentArgs [0.11ms]
(pass) CallExtension > defaults args to NodeList [0.03ms]
(pass) CallExtension > CallExtensionAsync extends CallExtension [0.03ms]

nunjucks\src\object\index.test.js:
(pass) createObj > creates object with typename [0.15ms]
(pass) createObj > stores init method for manual invocation [0.15ms]
(pass) createObj > adds methods from props [0.09ms]
(pass) createEmitter > creates object with typename [0.06ms]
(pass) createEmitter > is an EventEmitter [0.17ms]
(pass) createEmitter > emits events [0.10ms]
(pass) extendObj > extends existing object with typename [0.07ms]
(pass) extendObj > inherits methods from base [0.09ms]
(pass) extendObj > can override methods [0.08ms]

nunjucks\src\parser\cursor.test.js:
(pass) createCursor > creates cursor with tokens and defaults [0.09ms]
(pass) nextToken > returns next token from tokenizer [0.08ms]
(pass) nextToken > returns peeked token if available [0.03ms]
(pass) nextToken > skips whitespace tokens when withWhitespace is false [0.05ms]
(pass) nextToken > returns whitespace when withWhitespace is true [0.03ms]
(pass) peekToken > returns next token without consuming it [0.04ms]
(pass) pushToken > pushes token back onto the cursor [0.03ms]
(pass) pushToken > throws if already has a peeked token [0.07ms]
(pass) skip > returns true and consumes token if type matches [0.03ms]
(pass) skip > returns false and pushes back if type does not match [0.03ms]
(pass) expect > returns token if type matches [0.06ms]
(pass) expect > fails if type does not match [0.11ms]
(pass) skipValue > returns true if type and value match [0.05ms]
(pass) skipValue > returns false and pushes back if value does not match [0.03ms]
(pass) skipSymbol > delegates to skipValue with TOKEN_SYMBOL [0.03ms]
(pass) skipSymbol > returns false for mismatched symbol [0.02ms]
(pass) advanceAfterBlockEnd > consumes block end token [0.09ms]
(pass) advanceAfterBlockEnd > sets dropLeadingWhitespace for trimmed end [0.04ms]
(pass) advanceAfterBlockEnd > fails on non-block-end token when no name given [0.05ms]
(pass) advanceAfterBlockEnd > fails on non-block-end token with name [0.07ms]
(pass) advanceAfterVariableEnd > consumes variable end token [0.06ms]
(pass) advanceAfterVariableEnd > fails on non-variable-end token [0.05ms]

nunjucks\src\parser\error.test.js:
(pass) error > creates TemplateError with given message, lineno, colno [0.12ms]
(pass) error > sets phase to parse [0.05ms]
(pass) error > extracts lineno/colno from token when omitted [0.13ms]
(pass) fail > throws TemplateError with given message [0.08ms]
(pass) fail > thrown error has phase parse [0.08ms]
(pass) fail > throws error with correct lineno [0.06ms]

nunjucks\src\parser\index.test.js:
(pass) Parser > init sets properties [0.13ms]
(pass) Parser > nextToken returns a token [0.11ms]
(pass) Parser > peekToken returns next token without consuming [0.10ms]
(pass) Parser > pushToken puts token back [0.06ms]
(pass) Parser > skip advances past a token type [0.06ms]
(pass) Parser > expect returns matching token [0.06ms]
(pass) Parser > expect throws on mismatch [0.09ms]
(pass) Parser > skipValue advances past matching token [0.10ms]
(pass) Parser > skipSymbol advances past symbol [0.06ms]
(pass) Parser > advanceAfterBlockEnd skips block end tokens [0.15ms]
(pass) Parser > advanceAfterVariableEnd skips variable end tokens [0.10ms]
(pass) Parser > parse returns NodeList [0.15ms]
(pass) Parser > parseAsRoot returns Root [0.11ms]
(pass) parse function > parses plain text [0.07ms]
(pass) parse function > parses variable expression [0.11ms]
(pass) parse function > parses block [0.47ms]
(pass) parse function > passes extensions to parser [0.08ms]
(pass) parse function > passes opts to lexer [0.06ms]

nunjucks\src\parser\top-level.test.js:
(pass) parseUntilBlocks > sets breakOnBlocks and calls ctx.parse [0.17ms]
(pass) parseUntilBlocks > restores previous breakOnBlocks [0.05ms]
(pass) parseUntilBlocks > works with no block names [0.04ms]
(pass) parseNodes > parses TOKEN_DATA into Output with TemplateData [0.20ms]
(pass) parseNodes > trims leading whitespace when dropLeadingWhitespace is true [0.11ms]
(pass) parseNodes > trims trailing whitespace before block-start with dash [0.11ms]
(pass) parseNodes > parses TOKEN_BLOCK_START via parseStatement [0.19ms]
(pass) parseNodes > parses TOKEN_VARIABLE_START via parseExpression [0.11ms]
(pass) parseNodes > parses TOKEN_COMMENT and sets dropLeadingWhitespace [0.28ms]
(pass) parseNodes > throws on unexpected token type [0.12ms]

nunjucks\src\precompile\global.test.js:
(pass) precompileGlobal > wraps single template in IIFE [1.60ms]
(pass) precompileGlobal > wraps multiple templates [0.13ms]
(pass) precompileGlobal > includes asFunction wrapper when opts.asFunction is true [0.03ms]
(pass) precompileGlobal > omits asFunction wrapper when not specified [0.02ms]
(pass) precompileGlobal > defaults opts to empty object [0.03ms]

nunjucks\src\precompile\index.test.js:
(pass) precompileString > throws if no name option [1.53ms]
(pass) precompileString > compiles a template string [1.32ms]
(pass) precompileString > accepts custom wrapper [1.13ms]
(pass) precompileString > accepts custom env [1.09ms]
(pass) precompile > compiles a single file [4.91ms]
(pass) precompile > compiles a directory of templates [5.31ms]
(pass) precompile > respects include filter [4.87ms]
(pass) precompile > respects exclude filter [3.55ms]
(pass) precompile > handles isString option [1.35ms]
(pass) precompile > throws on compile error without force [5.12ms]
56 |   }
57 |   return err;
58 | };
59 | 
60 | const stripInternals = (path) => (err) => {
61 |   const clean = new Error(err.message);
                         ^
Template render error: (broken.njk) [Line 1, Column 4]
  unknown block tag: invalid
     lineno: 0,
      colno: 3,
       path: "broken.njk",
 templateName: "broken.njk",
       code: undefined,
    subject: undefined,
      phase: "parse",

      at <anonymous> (C:\Users\ledihildawan\Desktop\nunjucks\nunjucks\src\error\core\template-error.js:61:21)
      at t (C:\Users\ledihildawan\Desktop\nunjucks\node_modules\remeda\dist\pipe.js:1:175)
      at _precompile (C:\Users\ledihildawan\Desktop\nunjucks\nunjucks\src\precompile\index.js:104:11)
      at precompile (C:\Users\ledihildawan\Desktop\nunjucks\nunjucks\src\precompile\index.js:70:26)
      at <anonymous> (C:\Users\ledihildawan\Desktop\nunjucks\nunjucks\src\precompile\index.test.js:105:20)

(pass) precompile > continues on compile error with force [6.07ms]

nunjucks\src\runtime\async.test.js:
(pass) asyncEach > iterates over array with dimen 1 [0.72ms]
(pass) asyncEach > iterates over array with dimen 2 [0.16ms]
(pass) asyncEach > iterates over array with dimen 3 [0.13ms]
(pass) asyncEach > iterates over object [0.14ms]
(pass) asyncEach > handles empty array [0.07ms]
(pass) asyncEach > handles null/undefined object [0.06ms]
(pass) asyncAll > collects results from array with dimen 1 [0.33ms]
(pass) asyncAll > collects results from array with dimen 2 [0.12ms]
(pass) asyncAll > returns empty string for empty array [0.06ms]
(pass) asyncAll > collects results from object [0.09ms]
(pass) asyncAll > returns empty string for empty object [0.05ms]
(pass) asyncAll > handles null/undefined [0.05ms]

nunjucks\src\runtime\context.test.js:
(pass) Context > init stores ctx and env [0.13ms]
(pass) Context > init creates empty blocks and exported [0.05ms]
(pass) Context > init registers blocks [0.10ms]
(pass) Context > lookup returns context variable [0.04ms]
(pass) Context > lookup returns global when not in context [0.03ms]
(pass) Context > lookup prefers context variable over global [0.03ms]
(pass) Context > setVariable stores in context [0.04ms]
(pass) Context > getVariables returns ctx [0.07ms]
(pass) Context > addBlock appends to block list [0.05ms]
(pass) Context > addBlock returns this for chaining [0.03ms]
(pass) Context > getBlock returns first block [0.07ms]
(pass) Context > getBlock throws for unknown block [0.07ms]
(pass) Context > getBlock error has code and subject [0.06ms]
(pass) Context > getSuper throws when block not found [0.14ms]
(pass) Context > getSuper throws when no next block [0.08ms]
(pass) Context > getSuper calls next block [0.06ms]
(pass) Context > addExport and getExported [0.09ms]
(pass) Context > getExported returns empty object when no exports [0.03ms]

nunjucks\src\runtime\frame.test.js:
(pass) Frame > constructor initializes empty variables [0.09ms]
(pass) Frame > constructor sets parent and isolateWrites [0.06ms]
(pass) Frame > set stores a value [0.23ms]
(pass) Frame > get returns null for unset variable [0.05ms]
(pass) Frame > set stores nested dotted path [0.08ms]
(pass) Frame > set with resolveUp writes to parent frame [0.11ms]
(pass) Frame > set with resolveUp uses own frame if parent has no match [0.09ms]
(pass) Frame > lookup finds own variables [0.10ms]
(pass) Frame > lookup finds parent variables [0.15ms]
(pass) Frame > lookup prefers own variable over parent [0.08ms]
(pass) Frame > lookup returns undefined for missing [0.03ms]
(pass) Frame > resolve returns frame that owns the variable [0.03ms]
(pass) Frame > resolve returns own frame for own variable [0.02ms]
(pass) Frame > resolve returns undefined for missing variable [0.02ms]
(pass) Frame > resolve with forWrite=true and isolateWrites stops at own frame [0.03ms]
(pass) Frame > resolve with forWrite=false ignores isolateWrites [0.02ms]
(pass) Frame > push creates child frame [0.05ms]
(pass) Frame > push propagates isolateWrites [0.02ms]
(pass) Frame > pop returns parent [0.02ms]
(pass) Frame > pop on root frame returns undefined [0.01ms]
(pass) Frame > topLevel defaults to false [0.01ms]

nunjucks\src\runtime\index.test.js:
(pass) suppressValue > returns empty string for null/undefined [0.04ms]
(pass) suppressValue > returns value as-is when autoescape is false [0.02ms]
(pass) suppressValue > escapes when autoescape is true [0.05ms]
(pass) suppressValue > does not double-escape SafeString [0.03ms]
(pass) suppressValue > resolves promises [0.12ms]
(pass) awaitValue > returns non-promise as-is [0.02ms]
(pass) awaitValue > resolves promise [0.07ms]
(pass) ensureDefined > returns value if defined [0.09ms]
(pass) ensureDefined > throws for null/undefined [0.11ms]
(pass) ensureDefined > includes varName in error message [0.03ms]
(pass) ensureDefined > sets code UNDEFINED_VARIABLE with varName [0.04ms]
(pass) ensureDefined > sets code UNDEFINED_VALUE without varName [0.03ms]
(pass) ensureDefined > error has phase render [0.05ms]
(pass) callWrap > calls function with context and args [0.10ms]
(pass) callWrap > throws UNDEFINED_FUNCTION for null/undefined obj [0.08ms]
(pass) callWrap > throws NOT_A_FUNCTION for non-function [0.07ms]
(pass) contextOrFrameLookup > prefers frame lookup [0.04ms]
(pass) contextOrFrameLookup > falls back to context lookup [0.05ms]
(pass) handleError > returns error unchanged if it has lineno [0.11ms]
(pass) handleError > wraps error in TemplateError with lineno/colno [0.09ms]
(pass) handleError > preserves error code and subject [0.07ms]
(pass) handleError > handles sourceMapData [0.14ms]
(pass) fromIterator > returns array as-is [0.06ms]
(pass) fromIterator > converts iterable to array [0.06ms]
(pass) fromIterator > returns non-iterable object as-is [0.03ms]
(pass) fromIterator > returns null/undefined as-is [0.03ms]
(pass) inOperator > checks array inclusion [0.07ms]
(pass) inOperator > checks string inclusion [0.03ms]
(pass) inOperator > checks object key [0.03ms]
(pass) inOperator > throws for unexpected types [0.06ms]

nunjucks\src\runtime\macro.test.js:
(pass) makeKeywordArgs > adds __keywords flag to object [0.08ms]
(pass) isKeywordArgs > returns true for keyword args object [0.03ms]
(pass) isKeywordArgs > returns false for plain object [0.01ms]
(pass) isKeywordArgs > returns null for null input (short-circuit) [0.02ms]
(pass) numArgs > returns 0 for empty args [0.01ms]
(pass) numArgs > returns count for plain args [0.02ms]
(pass) numArgs > excludes keyword args from count [0.03ms]
(pass) getKeywordArgs > returns empty object for no args [0.02ms]
(pass) getKeywordArgs > returns empty object for plain args [0.02ms]
(pass) getKeywordArgs > extracts keyword args from last position [0.02ms]
(pass) makeMacro > calls func with positional args [0.06ms]
(pass) makeMacro > passes extra args as unnamed kwargs [0.08ms]
(pass) makeMacro > fills missing args from kwargs [0.06ms]
(pass) makeMacro > extra positional args fill kwarg names [0.10ms]
(pass) makeMacro > preserves this context [0.07ms]

nunjucks\src\runtime\member-access.test.js:
(pass) memberLookup > returns undefined for null/undefined object [0.12ms]
(pass) memberLookup > gets property value [0.07ms]
(pass) memberLookup > wraps function in call proxy [0.13ms]
(pass) memberLookup > call proxy preserves this [0.17ms]
(pass) memberLookup > returns undefined for missing key [0.07ms]
(pass) optionalMemberLookup > returns undefined for null/undefined object [0.07ms]
(pass) optionalMemberLookup > gets property value [0.03ms]
(pass) optionalMemberLookup > wraps function in call proxy [0.06ms]
(pass) slice > defaults start to 0 when step is positive [0.14ms]
(pass) slice > defaults start to end when step is negative [0.03ms]
(pass) slice > defaults stop to length when step is positive [0.03ms]
(pass) slice > defaults stop to -1 when step is negative [0.02ms]
(pass) slice > uses arr.slice for step=1 [0.01ms]
(pass) slice > uses arr.slice for step=null [0.02ms]
(pass) slice > uses arr.slice for step=undefined [0.02ms]
(pass) slice > positive step skips elements [0.02ms]
(pass) slice > negative step reverses [0.02ms]
(pass) slice > handles negative start [0.02ms]
(pass) slice > handles negative stop [0.02ms]
(pass) slice > throws for step=0 [0.06ms]
(pass) slice > works on strings [0.03ms]
(pass) nullishCoalesce > returns left when not null/undefined [0.04ms]
(pass) nullishCoalesce > returns right when left is null [0.01ms]
(pass) nullishCoalesce > returns right when left is undefined [0.01ms]

nunjucks\src\runtime\safe-string.test.js:
(pass) SafeString > stores string value and length [0.06ms]
(pass) SafeString > constructor exits early for non-string, val undefined, length from prototype [0.04ms]
(pass) SafeString > valueOf returns stored value [0.03ms]
(pass) SafeString > toString returns stored value [0.02ms]
(pass) SafeString > instanceof String [0.03ms]
(pass) copySafeness > wraps target in SafeString when dest is SafeString [0.03ms]
(pass) copySafeness > returns target.toString() when dest is not SafeString [0.02ms]
(pass) copySafeness > handles boolean target [0.04ms]
(pass) copySafeness > throws for null target (target.toString fails) [0.05ms]
(pass) markSafe > wraps string in SafeString [0.02ms]
(pass) markSafe > returns non-string, non-function values as-is [0.04ms]
(pass) markSafe > wraps function return values in SafeString [0.09ms]
(pass) markSafe > function wrapper preserves non-string return [0.03ms]

nunjucks\src\template\index.test.js:
(pass) Template constructor > accepts string src [1.20ms]
(pass) Template constructor > accepts object src with type string [1.33ms]
(pass) Template constructor > accepts object src with type code [1.20ms]
(pass) Template constructor > throws on invalid src type [0.84ms]
(pass) Template constructor > throws on unexpected object type [0.74ms]
(pass) Template constructor > sets path [0.66ms]
(pass) Template constructor > uses fallback env when env is null [0.69ms]
(pass) Template constructor > eagerCompile compiles immediately [1.03ms]
(pass) Template constructor > throws on compile error with eagerCompile [0.98ms]
(pass) Template compile > compile() compiles lazily [1.10ms]
(pass) Template compile > compile() is idempotent [1.09ms]
(pass) Template compile > compile() throws on invalid syntax [1.66ms]
(pass) Template render > renders plain text [1.34ms]
(pass) Template render > renders with context [1.15ms]
(pass) Template render > renders with for loop [2.53ms]
(pass) Template render > renders with if block [1.66ms]
(pass) Template render > renders with set block [2.03ms]
(pass) Template render > renders block inheritance [1.81ms]
(pass) Template render > throws on circular include [1.15ms]
(pass) Template render > parentFrame is used [1.48ms]
(pass) Template getExported > exports template variables [1.66ms]
(pass) Template _getBlocks > extracts block functions [1.17ms]
(pass) Template _enrichError > sets path on error [1.91ms]
(pass) Template _enrichError > preserves existing path [1.43ms]

nunjucks\src\transformers\index.test.js:
(pass) cps > returns processed AST [0.18ms]
(pass) transform > returns processed AST with asyncPipes [0.06ms]
(pass) transform > defaults asyncPipes to empty array [0.03ms]

nunjucks\src\transformers\pipe-transforms.test.js:
(pass) liftPipes > returns ast unchanged when no async pipes [0.23ms]
(pass) liftPipes > lifts async pipe inside Output into PipeAsync with symbol [0.41ms]
(pass) liftPipes > lifts multiple async pipes [0.40ms]
(pass) liftPipes > does not lift non-async pipes [0.10ms]
(pass) liftPipes > creates PipeAsync with correct name and symbol [0.09ms]

nunjucks\src\transformers\statement-transforms.test.js:
(pass) convertStatements > returns ast unchanged when no If or For nodes [3.10ms]
(pass) convertStatements > converts If with PipeAsync child to IfAsync [0.48ms]
(pass) convertStatements > keeps If without async children as If [0.17ms]
(pass) convertStatements > converts For with async child to AsyncEach [0.22ms]
(pass) convertStatements > keeps For without async children as For [0.14ms]

nunjucks\src\transformers\super-transforms.test.js:
(pass) liftSuper > returns ast unchanged when no Block nodes [0.15ms]
(pass) liftSuper > replaces FunCall(name=super) with AstSymbol in block body [0.19ms]
(pass) liftSuper > result has correct block name [0.10ms]
(pass) liftSuper > prepends Super node to body when super() is used [0.11ms]
(pass) liftSuper > does not modify block without super call [0.10ms]

nunjucks\src\transformers\symbol-generator.test.js:
(pass) createSymbolGenerator > generates incrementing symbols starting from seed [0.07ms]
(pass) createSymbolGenerator > defaults seed to 0 [0.03ms]
(pass) createSymbolGenerator > different generators have independent counters [0.04ms]
(pass) createGensym > generates incrementing symbols [0.03ms]
(pass) createGensym > each call creates independent generator [0.06ms]

nunjucks\src\transformers\walk.test.js:
(pass) mapCOW > returns original array when no changes [0.08ms]
(pass) mapCOW > returns new array when item changes [0.08ms]
(pass) mapCOW > keeps original unchanged on partial change [0.04ms]
(pass) mapCOW > returns new array with only changed items different [0.04ms]
(pass) walk > returns non-Node input unchanged [0.05ms]
(pass) walk > applies func to Literal node [0.09ms]
(pass) walk > replaces node when func returns a new node [0.04ms]
(pass) walk > walks children of NodeList [0.07ms]
(pass) walk > reconstructs NodeList when children change [0.07ms]
(pass) walk > walks Output with TemplateData [0.09ms]
(pass) walk > walks FunCall with args [0.10ms]
(pass) walk > walks arithmetic nodes [0.07ms]
(pass) walk > walks Compare node [0.05ms]
(pass) walk > throws for unknown typename [0.28ms]
(pass) walk > walks CallExtension [0.11ms]
(pass) depthWalk > walks depth-first (func called post-children) [0.08ms]
(pass) depthWalk > replaces node from func in depth-first walk [0.04ms]

nunjucks\src\compiler\expression-compiler\binary.test.js:
(pass) binary operators > compileOr emits || [0.27ms]
(pass) binary operators > compileAnd emits && [0.10ms]
(pass) binary operators > compileAdd emits + [0.11ms]
(pass) binary operators > compileConcat emits + "" + [0.09ms]
(pass) binary operators > compileSub emits - [0.09ms]
(pass) binary operators > compileMul emits * [0.09ms]
(pass) binary operators > compileDiv emits / [0.08ms]
(pass) binary operators > compileMod emits % [0.08ms]
(pass) binary operators > compileNullishCoalesce emits runtime.nullishCoalesce() [0.09ms]
(pass) binary operators > compileIn emits runtime.inOperator() [0.12ms]
(pass) binary operators > compileFloorDiv emits Math.floor() [0.10ms]
(pass) binary operators > compilePow emits Math.pow() [0.18ms]

nunjucks\src\compiler\expression-compiler\compare.test.js:
(pass) compileCompare > compiles expression with single operator [0.20ms]
(pass) compileCompare > compiles expression with multiple operators [0.05ms]
(pass) compileCompare > handles all comparison operators [0.14ms]
(pass) compileIs > compiles test with name [0.13ms]
(pass) compileIs > compiles test with args [0.06ms]

nunjucks\src\compiler\expression-compiler\container.test.js:
(pass) compileLiteral > string literals are escaped and quoted [0.13ms]
(pass) compileLiteral > null emits null [0.04ms]
(pass) compileLiteral > number emits toString [0.03ms]
(pass) compileLiteral > boolean emits toString [0.02ms]
(pass) compileLiteral > escapes backslash [0.02ms]
(pass) compileLiteral > escapes double quotes [0.02ms]
(pass) compileLiteral > escapes carriage return [0.02ms]
(pass) compileLiteral > escapes tab [0.02ms]
(pass) compileLiteral > escapes unicode line separator [0.06ms]
(pass) compileSymbol > uses frame lookup when found [0.04ms]
(pass) compileSymbol > uses contextOrFrameLookup when not in frame [0.03ms]
(pass) compileGroup > wraps children in parentheses [0.16ms]
(pass) compileArray > wraps children in brackets [0.06ms]
(pass) compileDict > wraps children in braces [0.04ms]
(pass) compileNodeList > compiles each child [0.05ms]
(pass) compilePair > compiles AstSymbol key as string literal [0.23ms]
(pass) compilePair > compiles Literal string key directly [0.04ms]
(pass) compileKeywordArgs > wraps dict compile in runtime.makeKeywordArgs() [0.05ms]

nunjucks\src\compiler\expression-compiler\fun-call.test.js:
(pass) compileFunCall > emits callWrap with lineno, colno, name, args [0.32ms]

nunjucks\src\compiler\expression-compiler\index.test.js:
(pass) compiler/expression-compiler exports > exports compileLiteral [0.03ms]
(pass) compiler/expression-compiler exports > exports compileSymbol [0.01ms]
(pass) compiler/expression-compiler exports > exports compileGroup
(pass) compiler/expression-compiler exports > exports compileArray [0.01ms]
(pass) compiler/expression-compiler exports > exports compileDict
(pass) compiler/expression-compiler exports > exports compileNodeList
(pass) compiler/expression-compiler exports > exports compilePair [0.01ms]
(pass) compiler/expression-compiler exports > exports compileKeywordArgs
(pass) compiler/expression-compiler exports > exports compileAggregate
(pass) compiler/expression-compiler exports > exports compileFunCall
(pass) compiler/expression-compiler exports > exports compilePipe
(pass) compiler/expression-compiler exports > exports compilePipeAsync
(pass) compiler/expression-compiler exports > exports compileLookupVal
(pass) compiler/expression-compiler exports > exports compileOptionalChain
(pass) compiler/expression-compiler exports > exports compileSlice [0.01ms]
(pass) compiler/expression-compiler exports > exports compileCompare
(pass) compiler/expression-compiler exports > exports compileIs [0.01ms]
(pass) compiler/expression-compiler exports > exports compileInlineIf
(pass) compiler/expression-compiler exports > exports compileOr
(pass) compiler/expression-compiler exports > exports compileAnd
(pass) compiler/expression-compiler exports > exports compileAdd
(pass) compiler/expression-compiler exports > exports compileConcat
(pass) compiler/expression-compiler exports > exports compileSub [0.07ms]
(pass) compiler/expression-compiler exports > exports compileMul [0.02ms]
(pass) compiler/expression-compiler exports > exports compileDiv [0.01ms]
(pass) compiler/expression-compiler exports > exports compileMod [0.02ms]
(pass) compiler/expression-compiler exports > exports compileNullishCoalesce [0.01ms]
(pass) compiler/expression-compiler exports > exports compileIn [0.01ms]
(pass) compiler/expression-compiler exports > exports compileFloorDiv [0.02ms]
(pass) compiler/expression-compiler exports > exports compilePow [0.01ms]
(pass) compiler/expression-compiler exports > exports compileNot [0.01ms]
(pass) compiler/expression-compiler exports > exports compileNeg [0.02ms]
(pass) compiler/expression-compiler exports > exports compilePos [0.01ms]

nunjucks\src\compiler\expression-compiler\inline.test.js:
(pass) compileInlineIf > compiles ternary with else [0.21ms]
(pass) compileInlineIf > uses empty string when else_ is null [0.04ms]

nunjucks\src\compiler\expression-compiler\lookup.test.js:
(pass) compileLookupVal > emits memberLookup for non-slice val [0.21ms]
(pass) compileLookupVal > emits slice helper for Slice val with all parts [0.15ms]
(pass) compileLookupVal > emits null for missing slice start/stop/step [0.06ms]
(pass) compileOptionalChain > emits optionalMemberLookup [0.05ms]
(pass) compileSlice > emits runtime.slice with all parts [0.06ms]
(pass) compileSlice > emits null for missing parts [0.03ms]

nunjucks\src\compiler\expression-compiler\pipe.test.js:
(pass) compilePipe > emits filter call with context and args [2.07ms]
(pass) compilePipeAsync > emits async filter assignment [0.32ms]

nunjucks\src\compiler\expression-compiler\unary.test.js:
(pass) compileNot > emits ! followed by target [0.14ms]
(pass) compileNeg > emits - followed by target [0.05ms]
(pass) compilePos > emits + followed by target [0.03ms]

nunjucks\src\compiler\statement-compiler\async-each.test.js:
(pass) compileAsyncEach > compiles asyncEach with simple name [0.62ms]
(pass) compileAsyncEach > compiles asyncEach with else block [0.11ms]
(pass) compileAsyncAll > compiles asyncAll with simple name [0.58ms]
(pass) compileAsyncAll > compiles asyncAll with two-element array name (key, value) [0.59ms]

nunjucks\src\compiler\statement-compiler\block.test.js:
(pass) compileBlock > emits block with parentTemplate guard when not inBlock [0.15ms]
(pass) compileBlock > omits parentTemplate guard when inBlock [0.06ms]
(pass) compileSuper > emits super call with markSafe [0.08ms]

nunjucks\src\compiler\statement-compiler\extends.test.js:
(pass) compileExtends > emits getTemplate and block iteration [1.95ms]
(pass) compileInclude > emits getTemplate and render call [0.28ms]
(pass) compileInclude > includes ignoreMissing as true [0.12ms]

nunjucks\src\compiler\statement-compiler\extension.test.js:
(pass) compileCallExtension > emits synchronous extension call [0.30ms]
(pass) compileCallExtension > emits async extension call with content args [0.18ms]
(pass) compileCallExtension > emits extension call with real NodeList args [0.10ms]
(pass) compileCallExtension > fails when args is not a NodeList [0.09ms]
(pass) compileCallExtensionAsync > delegates to compileCallExtension with useAsync [0.05ms]

nunjucks\src\compiler\statement-compiler\for.test.js:
(pass) emitLoopBindings > emits loop bindings for index, index0, revindex, revindex0, first, last, length [2.72ms]
(pass) compileFor > compiles basic for loop with single variable [0.51ms]
(pass) compileFor > compiles for loop with else block [0.11ms]
(pass) compileFor > compiles for loop with two-element array name (key, value) for object iteration [0.27ms]
(pass) compileFor > handles falsy array with guard [0.09ms]

nunjucks\src\compiler\statement-compiler\from-import.test.js:
(pass) compileFromImport > emits from-import with getTemplate and getExported [0.67ms]
(pass) compileFromImport > handles Pair names with alias [0.23ms]
(pass) compileFromImport > emits throw for unknown export [0.19ms]
(pass) compileFromImport > uses frame.set when frame has parent [0.21ms]

nunjucks\src\compiler\statement-compiler\if.test.js:
(pass) compileIf > emits if with cond and body [2.23ms]
(pass) compileIf > emits if with else block [0.10ms]
(pass) compileIf > emits if without else [0.05ms]
(pass) compileIfAsync > wraps if in async IIFE [0.05ms]

nunjucks\src\compiler\statement-compiler\import.test.js:
(pass) compileImport > emits import with getTemplate and getExported [0.27ms]
(pass) compileImport > includes with context when withContext is true [0.05ms]
(pass) compileImport > uses frame.set when frame has parent [0.04ms]

nunjucks\src\compiler\statement-compiler\index.test.js:
(pass) compiler/statement-compiler exports > exports compileIf [0.04ms]
(pass) compiler/statement-compiler exports > exports compileIfAsync [0.02ms]
(pass) compiler/statement-compiler exports > exports compileSet [0.01ms]
(pass) compiler/statement-compiler exports > exports compileSwitch
(pass) compiler/statement-compiler exports > exports compileFor [0.01ms]
(pass) compiler/statement-compiler exports > exports emitLoopBindings
(pass) compiler/statement-compiler exports > exports compileAsyncEach [0.01ms]
(pass) compiler/statement-compiler exports > exports compileAsyncAll [0.01ms]
(pass) compiler/statement-compiler exports > exports compileMacroPublic [0.01ms]
(pass) compiler/statement-compiler exports > exports compileCaller [0.01ms]
(pass) compiler/statement-compiler exports > exports compileBlock [0.01ms]
(pass) compiler/statement-compiler exports > exports compileSuper [0.03ms]
(pass) compiler/statement-compiler exports > exports compileImport [0.02ms]
(pass) compiler/statement-compiler exports > exports compileFromImport
(pass) compiler/statement-compiler exports > exports compileExtends [0.01ms]
(pass) compiler/statement-compiler exports > exports compileInclude
(pass) compiler/statement-compiler exports > exports compileTemplateData
(pass) compiler/statement-compiler exports > exports compileCapture [0.01ms]
(pass) compiler/statement-compiler exports > exports compileOutput [0.03ms]
(pass) compiler/statement-compiler exports > exports compileRoot
(pass) compiler/statement-compiler exports > exports compileCallExtension [0.01ms]
(pass) compiler/statement-compiler exports > exports compileCallExtensionAsync

nunjucks\src\compiler\statement-compiler\macro.test.js:
(pass) compileMacroPublic > compiles macro with positional args [0.72ms]
(pass) compileMacroPublic > compiles macro with kwargs [0.42ms]
(pass) compileMacroPublic > compiles macro with frame parent [0.16ms]
(pass) compileMacroPublic > asserts arg types [0.22ms]
(pass) compileCaller > wraps macro in IIFE [0.29ms]

nunjucks\src\compiler\statement-compiler\output.test.js:
(pass) compileTemplateData > emits buffer append with stringified value [1.97ms]
(pass) compileCapture > wraps body in async IIFE with output buffer [0.32ms]
(pass) compileOutput > emits TemplateData as string literal [0.12ms]
(pass) compileOutput > emits Symbol with suppressValue and awaitValue [0.16ms]
(pass) compileOutput > wraps with ensureDefined when throwOnUndefined [0.10ms]
(pass) compileOutput > handles Pipe without awaitValue wrapper [0.10ms]
(pass) compileOutput > skips empty TemplateData [0.08ms]

nunjucks\src\compiler\statement-compiler\root.test.js:
(pass) compileRoot > emits root function and block functions [0.42ms]
(pass) compileRoot > fails when frame is passed [0.12ms]
(pass) compileRoot > throws on duplicate block names [0.32ms]

nunjucks\src\compiler\statement-compiler\set.test.js:
(pass) compileSet > compiles set with value expression using = operator [0.26ms]
(pass) compileSet > compiles set with compound operator ||= [0.06ms]
(pass) compileSet > compiles set with block body (capture) [0.05ms]
(pass) compileSet > compiles set with multiple targets [0.08ms]
(pass) compileSet > skips addExport for underscore-prefixed names [0.04ms]

nunjucks\src\compiler\statement-compiler\switch.test.js:
(pass) compileSwitch > emits switch with cases [0.45ms]
(pass) compileSwitch > emits switch with default case [0.13ms]
(pass) compileSwitch > does not emit break for empty case body [0.13ms]

nunjucks\src\error\constants\error-patterns.test.js:
(pass) PATTERNS > UNDEFINED_VARIABLE matches attempted output of null/undefined [2.60ms]
(pass) PATTERNS > UNDEFINED_VALUE matches generic null output [0.23ms]
(pass) PATTERNS > UNDEFINED_FUNCTION matches unable to call [0.23ms]
(pass) PATTERNS > NOT_A_FUNCTION matches is not a function [0.09ms]
(pass) PATTERNS > SYNTAX_ERROR matches various syntax errors [0.08ms]
(pass) PATTERNS > UNDEFINED_FILTER matches filter not found [0.11ms]
(pass) PATTERNS > UNDEFINED_BLOCK matches unknown block [0.05ms]
(pass) PATTERNS > NO_SUPER_BLOCK matches no super block [0.03ms]
(pass) PATTERNS > CIRCULAR_INCLUDE matches circular include [0.05ms]
(pass) PATTERNS > FILE_NOT_FOUND matches template not found [0.09ms]
(pass) PATTERNS > INVALID_INCLUDE matches non-string template names [0.04ms]
(pass) PATTERNS > FILESYSTEM_ERROR matches EISDIR, ENOENT, permission denied [0.59ms]
(pass) PATTERNS > FILTER_ERROR matches Error: prefix [0.16ms]
(pass) PATTERNS > LINE_INFO matches [Line N, Column M] [0.15ms]
(pass) PATTERNS > LINE_INFO matches [Line N] without column [0.06ms]
(pass) PATTERNS > CALL_MATCH matches Unable to call [0.10ms]
(pass) PATTERNS > OUTPUT_MATCH matches attempted to output [0.08ms]

nunjucks\src\error\constants\error-rules.test.js:
(pass) ERROR_RULES > has expected number of rules [0.07ms]
(pass) ERROR_RULES > each rule has pattern, category, causes, fixCode, fixComment [0.20ms]
(pass) ERROR_RULES > rules have unique categories [0.30ms]
(pass) ERROR_RULES > first rule is undefined_variable [0.06ms]
(pass) ERROR_RULES > last rule is filesystem_error [0.05ms]
(pass) ERROR_RULES > undefined_variable has undefinedName subject [0.03ms]
(pass) ERROR_RULES > undefined_function has undefinedName subject [0.02ms]
(pass) ERROR_RULES > not_a_function has undefinedName subject
(pass) ERROR_RULES > syntax_error has null subject [0.06ms]
(pass) ERROR_RULES > undefined_block has null subject
(pass) ERROR_RULES > undefined_value has null subject
(pass) ERROR_RULES > invalid_include has null subject
(pass) ERROR_RULES > filesystem_error has null subject
(pass) DEFAULT_CLASSIFICATION > has expected structure [0.05ms]

nunjucks\src\error\constants\ide-links.test.js:
(pass) IDE_SCHEMES > vscode has label, color, link, icon [0.12ms]
(pass) IDE_SCHEMES > cursor has label, color, link, icon [0.02ms]
(pass) IDE_SCHEMES > windsurf has label, color, link, icon
(pass) IDE_SCHEMES > zed has label, color, link, icon
(pass) IDE_SCHEMES > webstorm has label, color, link, icon
(pass) IDE_SCHEMES > intellij has label, color, link, icon
(pass) IDE_SCHEMES > phpstorm has label, color, link, icon
(pass) IDE_SCHEMES > pycharm has label, color, link, icon
(pass) IDE_SCHEMES > sublime has label, color, link, icon
(pass) IDE_SCHEMES > vscode generates correct link [0.17ms]
(pass) resolveIdeLink > uses vscode as default for unknown IDE [0.16ms]
(pass) resolveIdeLink > resolves vscode link [0.10ms]
(pass) resolveIdeLink > resolves cursor link [0.16ms]
(pass) resolveIdeLink > resolves custom function [0.07ms]
(pass) resolveIdeLink > normalizes path in link [0.03ms]
(pass) getIdeMeta > returns vscode meta for unknown IDE [0.04ms]
(pass) getIdeMeta > returns cursor meta [0.02ms]
(pass) getIdeMeta > returns default meta for custom function [0.03ms]

nunjucks\src\error\constants\index.test.js:
(pass) error/constants exports > exports PATTERNS [0.06ms]
(pass) error/constants exports > exports ERROR_RULES [0.04ms]
(pass) error/constants exports > exports DEFAULT_CLASSIFICATION [0.03ms]
(pass) error/constants exports > exports IDE_SCHEMES [0.02ms]
(pass) error/constants exports > exports resolveIdeLink [0.02ms]
(pass) error/constants exports > exports getIdeMeta [0.02ms]

nunjucks\src\error\core\classify.test.js:
(pass) classifyError > returns DEFAULT_CLASSIFICATION for empty message [0.07ms]
(pass) classifyError > detects undefined variable [0.56ms]
(pass) classifyError > detects undefined function [0.11ms]
(pass) classifyError > detects not a function [0.08ms]
(pass) classifyError > detects syntax error [0.05ms]
(pass) classifyError > detects undefined filter [0.06ms]
(pass) classifyError > detects circular include [0.12ms]
(pass) classifyError > detects file not found [0.07ms]
(pass) classifyError > detects filesystem error [0.08ms]
(pass) classifyFromError > classifies FILTER_ERROR code [0.44ms]
(pass) classifyFromError > falls back to classifyError for non-filter errors [0.11ms]
(pass) classifyFromError > returns defaults for null [0.05ms]

nunjucks\src\error\core\extract.test.js:
(pass) extractUndefinedName > extracts name from call match [0.17ms]
(pass) extractUndefinedName > extracts name from output match [0.04ms]
(pass) extractUndefinedName > returns null for null/undefined output names [0.05ms]
(pass) extractUndefinedName > returns null for empty [0.04ms]
(pass) extractLineInfo > extracts line and column from [Line N, Column M] [0.07ms]
(pass) extractLineInfo > extracts line only from [Line N] [0.05ms]
(pass) extractLineInfo > extracts line from included from [0.04ms]
(pass) extractLineInfo > returns null for no match [0.05ms]
(pass) extractLineInfo > returns null for empty [0.03ms]
(pass) extractColFromMessage > extracts column number [0.03ms]
(pass) extractColFromMessage > returns null for no match [0.03ms]
(pass) extractColFromMessage > returns null for empty [0.03ms]
(pass) extractIncludeChainFromMessage > extracts chain from message [0.08ms]
(pass) extractIncludeChainFromMessage > returns null for no match [0.04ms]
(pass) extractErrorTemplateName > extracts template name from included from [0.03ms]
(pass) extractErrorTemplateName > extracts template name from parens [0.03ms]
(pass) extractErrorTemplateName > returns null for no match [0.02ms]
(pass) extractErrorTemplateName > returns null for empty [0.03ms]

nunjucks\src\error\core\line.test.js:
(pass) normalizeLine / normalizeCol > returns value as-is [0.05ms]
(pass) normalizeLine / normalizeCol > returns null for undefined [0.03ms]
(pass) getDisplayLine / getDisplayCol > returns value as-is [0.02ms]
(pass) getDisplayLine / getDisplayCol > returns null for null/undefined [0.02ms]
(pass) getFallbackLine / getFallbackCol > returns extracted first, then raw [0.04ms]
(pass) mergeLine > prefers rawLine [0.01ms]
(pass) mergeLine > falls back to extractedLine [0.01ms]
(pass) mergeLine > returns null if both null [0.02ms]
(pass) mergeCol > prefers rawCol [0.01ms]
(pass) mergeCol > falls back to extractedCol [0.01ms]
(pass) mergeCol > falls back to msgCol
(pass) mergeCol > returns null if all null
(pass) createDisplayLine / createDisplayCol > returns value for number input [0.04ms]
(pass) createDisplayLine / createDisplayCol > returns ? for null/undefined [0.02ms]

nunjucks\src\error\core\snippet.test.js:
(pass) getSnippet > returns null for non-array source [0.08ms]
(pass) getSnippet > returns formatted snippet with context around centerLine [0.10ms]
(pass) getSnippet > marks error line with >>> prefix [0.03ms]
(pass) getSnippet > handles centerLine at start [0.02ms]
(pass) getSnippet > handles centerLine at end [0.02ms]
(pass) getSnippet > uses space for falsy lines [0.02ms]
(pass) extractLineFromSnippet > extracts line number from snippet [0.14ms]
(pass) extractLineFromSnippet > returns null for empty [0.02ms]
(pass) splitSnippetLines > splits snippet into trimmed lines [0.06ms]
(pass) splitSnippetLines > returns empty array for empty [0.02ms]

nunjucks\src\error\core\template-error.test.js:
(pass) TemplateError > stores message, lineno, colno [0.10ms]
(pass) TemplateError > stores info fields [0.09ms]
(pass) TemplateError > omits null/undefined info fields [0.06ms]
(pass) TemplateError > applyLocation prepends path and line info [0.06ms]
(pass) TemplateError > applyLocation includes chain info [0.04ms]
(pass) TemplateError > applyLocation always prepends path [0.03ms]
(pass) TemplateError > applyLocation returns this [0.02ms]
(pass) createTemplateError > creates TemplateError with given args [0.03ms]
(pass) prettifyError > formats error with path info [0.09ms]
(pass) prettifyError > keeps internals when withInternals is true [0.04ms]
(pass) prettifyError > strips internals by default [0.04ms]

nunjucks\src\error\formatters\console.test.js:
(pass) toConsoleString > renders production mode with minimal output [2.17ms]
(pass) toConsoleString > renders dev mode with full details [1.16ms]
(pass) toConsoleString > handles minimal state without snippet [0.19ms]
(pass) toConsoleString > handles null render context [0.12ms]

nunjucks\src\error\formatters\index.test.js:
(pass) error/formatters exports > exports toConsoleString [0.03ms]
(pass) error/formatters exports > exports toHtmlString [0.01ms]

nunjucks\src\error\state\error-data.test.js:
(pass) createErrorData > creates basic error data from error object [0.24ms]
(pass) createErrorData > extracts line from message [0.10ms]
(pass) createErrorData > line override takes precedence [0.08ms]
(pass) createErrorData > generates snippet from sourceContent [0.20ms]
(pass) createErrorData > classifies the error [0.14ms]
(pass) createErrorData > sanitizes render context [0.39ms]
(pass) createErrorData > provides getDisplayLine and getDisplayCol [0.14ms]
(pass) createErrorData > sets isProduction and ide [0.11ms]

nunjucks\src\error\state\message-formatter.test.js:
(pass) formatLocation > formats location with line and col [0.09ms]
(pass) formatLocation > formats location with line only [0.05ms]
(pass) formatLocation > includes parent chain [0.06ms]
(pass) getDisplayMessage > shows variable name for undefined_variable [0.11ms]
(pass) getDisplayMessage > shows generic message for undefined_variable without name [0.06ms]
(pass) getDisplayMessage > shows function name for undefined_function [0.05ms]
(pass) getDisplayMessage > shows name for not_a_function [0.09ms]
(pass) getDisplayMessage > formats circular include [0.10ms]
(pass) getDisplayMessage > falls back to error text for unknown category [0.05ms]
(pass) formatCodeTrace > splits snippet into trimmed lines [0.13ms]
(pass) formatCodeTrace > returns empty array for empty [0.03ms]

nunjucks\src\parser\expression-parser\arithmetic.test.js:
(pass) parseAdd > creates Add node for + operator [0.33ms]
(pass) parseAdd > returns single node without + [0.10ms]
(pass) parseSub > creates Sub node for - operator [0.17ms]
(pass) parseMul > creates Mul node for * operator [0.11ms]
(pass) parseDiv > creates Div node for / operator [0.10ms]
(pass) parseFloorDiv > creates FloorDiv node for // operator [0.14ms]
(pass) parseMod > creates Mod node for % operator [0.10ms]
(pass) parsePow > creates Pow node for ** operator [0.12ms]

nunjucks\src\parser\expression-parser\compare.test.js:
(pass) parseCompare > creates Compare node for == operator [2.96ms]
(pass) parseCompare > creates Compare for != operator [0.33ms]
(pass) parseCompare > chains multiple comparisons [0.28ms]
(pass) parseCompare > passes through without comparison [0.55ms]

nunjucks\src\parser\expression-parser\concat.test.js:
(pass) parseConcat > returns single primary when no tilde operator [0.43ms]
(pass) parseConcat > creates Concat nodes for tilde operators [0.43ms]
(pass) parseConcat > chains multiple tilde operators [0.43ms]

nunjucks\src\parser\expression-parser\in.test.js:
(pass) parseIn > creates In node for in operator [2.74ms]
(pass) parseIn > creates Not(In) for not in operator [0.28ms]
(pass) parseIn > passes through without in [0.13ms]

nunjucks\src\parser\expression-parser\index.test.js:
(pass) parser/expression-parser exports > exports parseExpression [0.06ms]
(pass) parser/expression-parser exports > exports parseInlineIf [0.12ms]
(pass) parser/expression-parser exports > exports parseOr [0.06ms]
(pass) parser/expression-parser exports > exports parseAnd [0.03ms]
(pass) parser/expression-parser exports > exports parseNot [0.04ms]
(pass) parser/expression-parser exports > exports parseNullishCoalesce [0.03ms]
(pass) parser/expression-parser exports > exports parseIn [0.02ms]
(pass) parser/expression-parser exports > exports parseIs [0.02ms]
(pass) parser/expression-parser exports > exports parseCompare [0.03ms]
(pass) parser/expression-parser exports > exports parseConcat [0.07ms]
(pass) parser/expression-parser exports > exports parseAdd [0.05ms]
(pass) parser/expression-parser exports > exports parseSub [0.06ms]
(pass) parser/expression-parser exports > exports parseMul [0.04ms]
(pass) parser/expression-parser exports > exports parseDiv [0.03ms]
(pass) parser/expression-parser exports > exports parseFloorDiv [0.03ms]
(pass) parser/expression-parser exports > exports parseMod [0.03ms]
(pass) parser/expression-parser exports > exports parsePow [0.03ms]
(pass) parser/expression-parser exports > exports parseUnary [0.04ms]
(pass) parser/expression-parser exports > exports parsePrimary [0.03ms]

nunjucks\src\parser\expression-parser\inline.test.js:
(pass) parseInlineIf > passes through without if [0.27ms]
(pass) parseInlineIf > creates InlineIf for if operator [0.21ms]
(pass) parseInlineIf > creates InlineIf with else [0.16ms]

nunjucks\src\parser\expression-parser\is.test.js:
(pass) parseIs > creates Is node for is operator [0.32ms]
(pass) parseIs > creates Not(Is) for is not operator [0.15ms]
(pass) parseIs > passes through without is [0.08ms]

nunjucks\src\parser\expression-parser\logical.test.js:
(pass) parseOr > creates Or node for or operator [1.74ms]
(pass) parseOr > returns single node without or [0.15ms]
(pass) parseAnd > creates And node for and operator [0.21ms]
(pass) parseAnd > returns single node without and [0.13ms]
(pass) parseNot > creates Not node for not operator [0.11ms]
(pass) parseNot > passes through without not [0.07ms]
(pass) parseNot > chains not not [0.10ms]

nunjucks\src\parser\expression-parser\nullish.test.js:
(pass) parseNullishCoalesce > returns single primary when no ?? operator [0.27ms]
(pass) parseNullishCoalesce > creates NullishCoalesce nodes for ?? operators [0.40ms]
(pass) parseNullishCoalesce > chains multiple ?? operators [0.33ms]

nunjucks\src\parser\expression-parser\primary.test.js:
(pass) parsePrimary > parses string literal [2.25ms]
(pass) parsePrimary > parses int literal [0.25ms]
(pass) parsePrimary > parses float literal [0.42ms]
(pass) parsePrimary > parses boolean true [0.12ms]
(pass) parsePrimary > parses boolean false [0.17ms]
(pass) parsePrimary > parses none [0.14ms]
(pass) parsePrimary > parses regex literal [0.20ms]
(pass) parsePrimary > parses symbol [0.12ms]
(pass) parsePrimary > calls parsePostfix when noPostfix is false [0.11ms]
(pass) parsePrimary > skips parsePostfix when noPostfix is true [0.06ms]
(pass) parsePrimary > calls parseAggregate for unknown token type [0.12ms]
(pass) parsePrimary > fails on invalid boolean [0.14ms]
(pass) parsePrimary > fails on null token [0.06ms]

nunjucks\src\parser\expression-parser\unary.test.js:
(pass) parseUnary > passes through without unary operator [0.16ms]
(pass) parseUnary > creates Neg for - prefix [0.13ms]
(pass) parseUnary > creates Pos for + prefix [0.08ms]
(pass) parseUnary > chains multiple unary operators [0.09ms]
(pass) parseUnary > calls parsePipe when noPipes is false [0.07ms]
(pass) parseUnary > skips parsePipe when noPipes is true [0.05ms]

nunjucks\src\parser\node-parsers\aggregate.test.js:
(pass) parseAggregate > parses empty group with parens [0.29ms]
(pass) parseAggregate > parses group with expression [0.36ms]
(pass) parseAggregate > parses group with comma-separated expressions [0.34ms]
(pass) parseAggregate > parses empty array with brackets [0.16ms]
(pass) parseAggregate > parses empty dict with curly braces [0.15ms]
(pass) parseAggregate > parses dict with key:value pairs [0.34ms]
(pass) parseAggregate > returns null for unknown token type [0.10ms]
(pass) parseAggregate > fails on missing comma between expressions [0.33ms]
(pass) parseAggregate > fails on missing colon in dict [0.24ms]

nunjucks\src\parser\node-parsers\index.test.js:
(pass) parser/node-parsers exports > exports parseAggregate [0.05ms]
(pass) parser/node-parsers exports > exports parseSignature [0.02ms]

nunjucks\src\parser\node-parsers\signature.test.js:
(pass) parseSignature > parses empty signature with parens [0.29ms]
(pass) parseSignature > parses signature with positional args [0.19ms]
(pass) parseSignature > parses signature with keyword args [0.16ms]
(pass) parseSignature > returns null in tolerant mode without paren [0.05ms]
(pass) parseSignature > fails without paren in non-tolerant mode [0.08ms]
(pass) parseSignature > parses signature with noParens mode [0.06ms]
(pass) parseSignature > fails on missing comma [0.10ms]

nunjucks\src\parser\postfix-parser\dot.test.js:
(pass) parseDotAccess > parses dot access with symbol [0.38ms]
(pass) parseDotAccess > fails on non-symbol token [0.25ms]

nunjucks\src\parser\postfix-parser\fun-call.test.js:
(pass) parseFunCall > creates FunCall node with target and parsed signature [0.17ms]

nunjucks\src\parser\postfix-parser\index.test.js:
(pass) parsePostfix > returns node unchanged when no postfix tokens [0.15ms]
(pass) parsePostfix > calls parseFunCall on LEFT_PAREN [0.28ms]
(pass) parsePostfix > calls parseBracketAccess on LEFT_BRACKET [0.31ms]
(pass) parsePostfix > calls parseDotAccess on OPERATOR . [0.11ms]
(pass) parsePostfix > calls parseOptionalChain on OPERATOR ?. [0.12ms]
(pass) parsePostfix > chains multiple postfix operations [0.11ms]

nunjucks\src\parser\postfix-parser\lookup.test.js:
(pass) parseBracketAccess > parses bracket access with expression [0.33ms]
(pass) parseBracketAccess > parses slice [:] [0.18ms]
(pass) parseBracketAccess > parses slice [start:stop] [0.18ms]

nunjucks\src\parser\postfix-parser\optional.test.js:
(pass) parseOptionalChain > parses optional chain with symbol [0.20ms]
(pass) parseOptionalChain > fails on non-symbol token [0.14ms]

nunjucks\src\parser\postfix-parser\pipe.test.js:
(pass) parseFilterName > parses a single symbol as filter name [0.16ms]
(pass) parseFilterName > parses dotted filter name [0.09ms]
(pass) parseFilterName > expects symbol token [0.08ms]
(pass) parseFilterArgs > returns empty array when next token is not left paren [0.08ms]
(pass) parseFilterArgs > parses args when next token is left paren [0.08ms]
(pass) parsePipe > returns node unchanged when no pipe token [0.04ms]
(pass) parsePipe > parses pipe with filter [0.13ms]

nunjucks\src\parser\statement-parser\block.test.js:
(pass) parseBlock > parses block statement [0.47ms]
(pass) parseBlock > fails if not block keyword [0.27ms]
(pass) parseBlock > fails if block name is not a symbol [0.16ms]

nunjucks\src\parser\statement-parser\call.test.js:
(pass) parseCall > parses call statement [0.33ms]
(pass) parseCall > parses call with args and adds caller to kwargs [0.19ms]
(pass) parseCall > fails if not call keyword [0.10ms]

nunjucks\src\parser\statement-parser\extends.test.js:
(pass) parseExtends > parses extends statement [0.41ms]
(pass) parseExtends > fails if not extends keyword [0.18ms]

nunjucks\src\parser\statement-parser\filter.test.js:
(pass) parseFilterStatement > parses filter statement [0.53ms]
(pass) parseFilterStatement > fails if not filter keyword [0.12ms]

nunjucks\src\parser\statement-parser\for.test.js:
(pass) parseFor > parses basic for loop [0.62ms]
(pass) parseFor > parses for loop with comma-separated variables [0.53ms]
(pass) parseFor > parses asyncEach loop [0.26ms]
(pass) parseFor > parses asyncAll loop [0.15ms]
(pass) parseFor > parses for loop with else block [0.17ms]
(pass) parseFor > fails on unknown keyword [0.10ms]
(pass) parseFor > fails on missing in keyword [0.11ms]
(pass) parseFor > fails on non-symbol variable name [0.08ms]

nunjucks\src\parser\statement-parser\from.test.js:
(pass) parseFrom > parses from import with multiple names [0.51ms]
(pass) parseFrom > parses from import with alias [0.21ms]
(pass) parseFrom > parses from import with with context [0.12ms]
(pass) parseFrom > parses from import with without context [0.10ms]
(pass) parseFrom > fails if no from keyword [0.16ms]
(pass) parseFrom > fails if no import keyword [0.15ms]
(pass) parseFrom > fails with underscore name [0.13ms]
(pass) parseFrom > fails with no names [0.09ms]

nunjucks\src\parser\statement-parser\if.test.js:
(pass) parseIf > parses if with cond and body and endif [0.49ms]
(pass) parseIf > parses if with else [0.28ms]
(pass) parseIf > parses if with elif chain [0.17ms]
(pass) parseIf > parses ifAsync [0.18ms]
(pass) parseIf > parses elseif as elif [0.14ms]
(pass) parseIf > fails on unknown keyword [0.09ms]

nunjucks\src\parser\statement-parser\import.test.js:
(pass) parseImport > parses import statement [0.29ms]
(pass) parseImport > parses import with with context [0.14ms]
(pass) parseImport > fails if not import keyword [0.10ms]
(pass) parseImport > fails if missing as keyword [0.10ms]

nunjucks\src\parser\statement-parser\include.test.js:
(pass) parseInclude > parses include statement [0.25ms]
(pass) parseInclude > parses include with ignore missing [0.11ms]
(pass) parseInclude > fails if not include keyword [0.13ms]

nunjucks\src\parser\statement-parser\index.test.js:
(pass) parseStatement dispatch > dispatches raw [0.41ms]
(pass) parseStatement dispatch > dispatches verbatim [0.12ms]
(pass) parseStatement dispatch > dispatches if [0.13ms]
(pass) parseStatement dispatch > dispatches for [0.11ms]
(pass) parseStatement dispatch > dispatches block [0.09ms]
(pass) parseStatement dispatch > dispatches extends [0.07ms]
(pass) parseStatement dispatch > dispatches include [0.07ms]
(pass) parseStatement dispatch > dispatches set [0.09ms]
(pass) parseStatement dispatch > dispatches macro [0.20ms]
(pass) parseStatement dispatch > dispatches call [0.11ms]
(pass) parseStatement dispatch > dispatches import [0.09ms]
(pass) parseStatement dispatch > dispatches from [0.09ms]
(pass) parseStatement dispatch > dispatches filter [0.11ms]
(pass) parseStatement dispatch > dispatches switch [0.25ms]
(pass) parseStatement dispatch > fails on unknown tag [0.12ms]
(pass) parseStatement dispatch > fails on non-symbol token [0.07ms]
(pass) parseStatement dispatch > returns null for breakOnBlocks match [0.05ms]
(pass) parseStatement dispatch > dispatches to extension tags [0.09ms]
(pass) parseStatement dispatch > fails when no extension matches [0.08ms]
(pass) exported parsers > exports parseFor [0.22ms]
(pass) exported parsers > exports parseMacro [0.05ms]
(pass) exported parsers > exports parseCall [0.04ms]
(pass) exported parsers > exports parseImport [0.05ms]
(pass) exported parsers > exports parseFrom [0.04ms]
(pass) exported parsers > exports parseBlock [0.14ms]
(pass) exported parsers > exports parseExtends [0.07ms]
(pass) exported parsers > exports parseInclude [0.06ms]
(pass) exported parsers > exports parseIf [0.18ms]
(pass) exported parsers > exports parseSet [0.14ms]
(pass) exported parsers > exports parseSwitch [0.12ms]
(pass) exported parsers > exports parseRaw [0.10ms]
(pass) exported parsers > exports parseFilterStatement [0.10ms]
(pass) exported parsers > exports parseWithContext [0.11ms]

nunjucks\src\parser\statement-parser\macro.test.js:
(pass) parseMacro > parses macro statement [0.37ms]
(pass) parseMacro > fails if not macro keyword [0.11ms]

nunjucks\src\parser\statement-parser\raw.test.js:
(pass) parseRaw > parses raw block content [2.09ms]
(pass) parseRaw > handles nested raw blocks [0.29ms]
(pass) parseRaw > handles raw block with surrounding content [0.11ms]
(pass) parseRaw > sets correct line/col from begun token [0.09ms]
(pass) parseRaw > uses custom tag name [0.13ms]

nunjucks\src\parser\statement-parser\set.test.js:
(pass) parseSet > parses set with = operator [0.26ms]
(pass) parseSet > parses set with ||= operator [0.15ms]
(pass) parseSet > parses set with &&= operator [0.12ms]
(pass) parseSet > parses set with ??= operator [0.12ms]
(pass) parseSet > parses set with block body via capture [0.15ms]
(pass) parseSet > parses set with target list [0.15ms]
(pass) parseSet > fails if not set keyword [0.08ms]

nunjucks\src\parser\statement-parser\switch.test.js:
(pass) parseSwitch > parses switch with one case [2.31ms]
(pass) parseSwitch > parses switch with multiple cases [0.40ms]
(pass) parseSwitch > parses switch with default case [0.34ms]
(pass) parseSwitch > fails on unknown keyword [0.22ms]

nunjucks\src\parser\statement-parser\with.test.js:
(pass) parseWithContext > returns null when no with/without token [0.23ms]
(pass) parseWithContext > returns true for with context [0.27ms]
(pass) parseWithContext > returns false for without context [0.14ms]
(pass) parseWithContext > throws when with is not followed by context [0.19ms]
(pass) parseWithContext > throws when without is not followed by context [0.16ms]

nunjucks\src\error\formatters\console\stack-trace.test.js:
(pass) formatStackTrace > returns empty string for error without stack [0.06ms]
(pass) formatStackTrace > returns empty string for empty stack [2.45ms]
(pass) formatStackTrace > formats stack trace lines with hyperlinks [0.29ms]
(pass) formatStackTrace > filters nunjucks src lines in production mode [0.13ms]
(pass) formatStackTrace > returns empty when all lines filtered in production [0.04ms]
(pass) formatStackTrace > handles native and anonymous stack lines [0.05ms]

nunjucks\src\error\formatters\html\highlight.test.js:
(pass) escapeHtml > escapes & < > and " [0.04ms]
(pass) escapeHtml > returns empty string for falsy input [0.03ms]
(pass) escapeHtml > passes through text without special chars [0.01ms]
(pass) renderInlineMarkdown > renders inline code with backticks [0.06ms]
(pass) renderInlineMarkdown > renders bold with ** [0.02ms]
(pass) renderInlineMarkdown > escapes HTML in text [0.01ms]
(pass) renderInlineMarkdown > returns empty for falsy input [0.01ms]
(pass) highlightHtml > highlights nunjucks delimiters [0.46ms]
(pass) highlightHtml > highlights strings [0.05ms]
(pass) highlightHtml > highlights numbers [0.06ms]
(pass) highlightHtml > highlights keywords [0.04ms]
(pass) highlightHtml > returns empty for falsy input [0.02ms]
(pass) highlightJs > highlights strings [0.19ms]
(pass) highlightJs > highlights numbers [0.02ms]
(pass) highlightJs > highlights keywords [0.12ms]
(pass) highlightJs > highlights comments [0.02ms]
(pass) highlightJs > returns empty for falsy input [0.02ms]

nunjucks\src\error\formatters\html\index.test.js:
(pass) error/formatters/html exports > exports toHtmlString [0.05ms]
(pass) error/formatters/html exports > exports CSS [0.03ms]
(pass) error/formatters/html exports > exports PRODUCTION_BODY [0.01ms]
(pass) error/formatters/html exports > exports TOGGLE_SCRIPT [0.02ms]

nunjucks\src\error\formatters\html\script.test.js:
(pass) TOGGLE_SCRIPT > is a non-empty string [0.07ms]
(pass) TOGGLE_SCRIPT > contains stack toggle logic [0.08ms]
(pass) TOGGLE_SCRIPT > contains context rendering helpers [0.09ms]
(pass) TOGGLE_SCRIPT > is wrapped in an IIFE [0.12ms]
(pass) TOGGLE_SCRIPT > handles DOMContentLoaded and readyState [0.12ms]

nunjucks\src\error\formatters\html\sections.test.js:
(pass) formatCodeTraceHtml > renders snippet lines [0.51ms]
(pass) formatCodeTraceHtml > highlights error line with >>> prefix [0.16ms]
(pass) formatCodeTraceHtml > returns placeholder for falsy snippet [0.06ms]
(pass) formatCodeTraceHtml > returns placeholder for empty snippet [0.04ms]
(pass) renderContextHtml > renders context with data script [0.21ms]
(pass) renderContextHtml > returns empty for falsy context [0.07ms]
(pass) renderContextHtml > returns empty for non-object [0.04ms]
(pass) renderContextHtml > returns empty for empty object [0.04ms]
(pass) formatStackTraceHtml > renders stack trace lines [0.69ms]
(pass) formatStackTraceHtml > returns empty for missing stack [0.06ms]
(pass) formatStackTraceHtml > filters nunjucks src lines in production [0.17ms]
(pass) formatStackTraceHtml > shows all lines in dev mode [0.08ms]
(pass) formatStackTraceHtml > collapses after 5 lines [0.20ms]
(pass) formatStackTraceHtml > returns empty when no "at " lines [0.07ms]

nunjucks\src\error\formatters\html\styles.test.js:
(pass) CSS > is a non-empty string [0.05ms]
(pass) CSS > contains theme layer [0.12ms]
(pass) CSS > contains reset layer [0.03ms]
(pass) CSS > contains component classes [0.06ms]
(pass) CSS > contains layout classes [0.05ms]
(pass) CSS_VARS > is an empty string [0.01ms]
(pass) PRODUCTION_BODY > is a non-empty string [0.02ms]
(pass) PRODUCTION_BODY > contains production HTML elements [0.03ms]
(pass) PRODUCTION_BODY > contains SVG icon [0.02ms]

nunjucks\src\error\formatters\html\template.test.js:
(pass) toHtmlString > returns production page when isProduction is true [0.30ms]
(pass) toHtmlString > returns full error page in dev mode [1.24ms]
(pass) toHtmlString > includes error message in title [0.51ms]
(pass) toHtmlString > includes causes list [0.42ms]
(pass) toHtmlString > includes fix code with comment [0.24ms]
(pass) toHtmlString > includes script toggle [0.21ms]
(pass) toHtmlString > supports CSP nonce on script and style [0.21ms]
(pass) toHtmlString > handles missing templatePath [0.24ms]
(pass) toHtmlString > handles missing code and phase [0.23ms]
(pass) toHtmlString > handles missing fixComment [0.20ms]
(pass) toHtmlString > includes timestamp in production when provided [0.08ms]
(pass) toHtmlString > includes timestamp in footer when provided [0.19ms]
(pass) toHtmlString > includes version in footer [0.22ms]
(pass) toHtmlString > includes IDE link in footer [0.21ms]
(pass) toHtmlString > renders code trace section [0.18ms]
(pass) toHtmlString > renders context section [0.20ms]
(pass) toHtmlString > includes stack trace section [0.18ms]

2 tests failed:

 1590 pass
 2 fail
 2 errors
 2670 expect() calls
Ran 1592 tests across 137 files. [1010.00ms]
